Archive member included to satisfy reference by file (symbol)

H:/Users/sc/Desktop/rtt_net_usb_drivers/rtt_net_usb_drivers/RT-Thread/rt-thread_usb_net_driver/NetLib/libwchnet.a(eth_api.o)
                              ./NetLib/eth_driver.o (WCHNET_PhyStatus)
H:/Users/sc/Desktop/rtt_net_usb_drivers/rtt_net_usb_drivers/RT-Thread/rt-thread_usb_net_driver/NetLib/libwchnet.a(ipcheck.o)
                              H:/Users/sc/Desktop/rtt_net_usb_drivers/rtt_net_usb_drivers/RT-Thread/rt-thread_usb_net_driver/NetLib/libwchnet.a(eth_api.o) (IPCheckParaInit)
H:/Users/sc/Desktop/rtt_net_usb_drivers/rtt_net_usb_drivers/RT-Thread/rt-thread_usb_net_driver/NetLib/libwchnet.a(net_dhcp.o)
                              ./APP/net_app.o (WCHNET_DHCPStart)
H:/Users/sc/Desktop/rtt_net_usb_drivers/rtt_net_usb_drivers/RT-Thread/rt-thread_usb_net_driver/NetLib/libwchnet.a(net_dns.o)
                              ./APP/net_app.o (WCHNET_InitDNS)
H:/Users/sc/Desktop/rtt_net_usb_drivers/rtt_net_usb_drivers/RT-Thread/rt-thread_usb_net_driver/NetLib/libwchnet.a(socket.o)
                              H:/Users/sc/Desktop/rtt_net_usb_drivers/rtt_net_usb_drivers/RT-Thread/rt-thread_usb_net_driver/NetLib/libwchnet.a(net_dhcp.o) (ErrorEncode)
H:/Users/sc/Desktop/rtt_net_usb_drivers/rtt_net_usb_drivers/RT-Thread/rt-thread_usb_net_driver/NetLib/libwchnet.a(etharp.o)
                              H:/Users/sc/Desktop/rtt_net_usb_drivers/rtt_net_usb_drivers/RT-Thread/rt-thread_usb_net_driver/NetLib/libwchnet.a(ipcheck.o) (etharp_request)
H:/Users/sc/Desktop/rtt_net_usb_drivers/rtt_net_usb_drivers/RT-Thread/rt-thread_usb_net_driver/NetLib/libwchnet.a(ethernetif.o)
                              H:/Users/sc/Desktop/rtt_net_usb_drivers/rtt_net_usb_drivers/RT-Thread/rt-thread_usb_net_driver/NetLib/libwchnet.a(socket.o) (low_level_init)
H:/Users/sc/Desktop/rtt_net_usb_drivers/rtt_net_usb_drivers/RT-Thread/rt-thread_usb_net_driver/NetLib/libwchnet.a(inet.o)
                              H:/Users/sc/Desktop/rtt_net_usb_drivers/rtt_net_usb_drivers/RT-Thread/rt-thread_usb_net_driver/NetLib/libwchnet.a(socket.o) (inet_ntoa)
H:/Users/sc/Desktop/rtt_net_usb_drivers/rtt_net_usb_drivers/RT-Thread/rt-thread_usb_net_driver/NetLib/libwchnet.a(ip.o)
                              H:/Users/sc/Desktop/rtt_net_usb_drivers/rtt_net_usb_drivers/RT-Thread/rt-thread_usb_net_driver/NetLib/libwchnet.a(etharp.o) (ip_input)
H:/Users/sc/Desktop/rtt_net_usb_drivers/rtt_net_usb_drivers/RT-Thread/rt-thread_usb_net_driver/NetLib/libwchnet.a(ip_addr.o)
                              H:/Users/sc/Desktop/rtt_net_usb_drivers/rtt_net_usb_drivers/RT-Thread/rt-thread_usb_net_driver/NetLib/libwchnet.a(socket.o) (ip_addr_isbroadcast)
H:/Users/sc/Desktop/rtt_net_usb_drivers/rtt_net_usb_drivers/RT-Thread/rt-thread_usb_net_driver/NetLib/libwchnet.a(ip_frag.o)
                              H:/Users/sc/Desktop/rtt_net_usb_drivers/rtt_net_usb_drivers/RT-Thread/rt-thread_usb_net_driver/NetLib/libwchnet.a(ethernetif.o) (ip_reass_tmr)
H:/Users/sc/Desktop/rtt_net_usb_drivers/rtt_net_usb_drivers/RT-Thread/rt-thread_usb_net_driver/NetLib/libwchnet.a(dhcp.o)
                              H:/Users/sc/Desktop/rtt_net_usb_drivers/rtt_net_usb_drivers/RT-Thread/rt-thread_usb_net_driver/NetLib/libwchnet.a(net_dhcp.o) (dhcp_arp_reply)
H:/Users/sc/Desktop/rtt_net_usb_drivers/rtt_net_usb_drivers/RT-Thread/rt-thread_usb_net_driver/NetLib/libwchnet.a(dns.o)
                              H:/Users/sc/Desktop/rtt_net_usb_drivers/rtt_net_usb_drivers/RT-Thread/rt-thread_usb_net_driver/NetLib/libwchnet.a(dhcp.o) (dns_setserver)
H:/Users/sc/Desktop/rtt_net_usb_drivers/rtt_net_usb_drivers/RT-Thread/rt-thread_usb_net_driver/NetLib/libwchnet.a(init.o)
                              H:/Users/sc/Desktop/rtt_net_usb_drivers/rtt_net_usb_drivers/RT-Thread/rt-thread_usb_net_driver/NetLib/libwchnet.a(ethernetif.o) (lwip_init)
H:/Users/sc/Desktop/rtt_net_usb_drivers/rtt_net_usb_drivers/RT-Thread/rt-thread_usb_net_driver/NetLib/libwchnet.a(mem.o)
                              H:/Users/sc/Desktop/rtt_net_usb_drivers/rtt_net_usb_drivers/RT-Thread/rt-thread_usb_net_driver/NetLib/libwchnet.a(init.o) (mem_init)
H:/Users/sc/Desktop/rtt_net_usb_drivers/rtt_net_usb_drivers/RT-Thread/rt-thread_usb_net_driver/NetLib/libwchnet.a(memp.o)
                              H:/Users/sc/Desktop/rtt_net_usb_drivers/rtt_net_usb_drivers/RT-Thread/rt-thread_usb_net_driver/NetLib/libwchnet.a(init.o) (memp_init)
H:/Users/sc/Desktop/rtt_net_usb_drivers/rtt_net_usb_drivers/RT-Thread/rt-thread_usb_net_driver/NetLib/libwchnet.a(netif.o)
                              H:/Users/sc/Desktop/rtt_net_usb_drivers/rtt_net_usb_drivers/RT-Thread/rt-thread_usb_net_driver/NetLib/libwchnet.a(socket.o) (netif_remove)
H:/Users/sc/Desktop/rtt_net_usb_drivers/rtt_net_usb_drivers/RT-Thread/rt-thread_usb_net_driver/NetLib/libwchnet.a(pbuf.o)
[...]
Memory Configuration

Name             Origin             Length             Attributes
FLASH            0x0000000000000000 0x0000000000040000 xr
RAM              0x0000000020000000 0x0000000000010000 xrw
*default*        0x0000000000000000 0xffffffffffffffff

Linker script and memory map

LOAD ./rtthread/src/clock.o
LOAD ./rtthread/src/components.o
LOAD ./rtthread/src/cpu.o
LOAD ./rtthread/src/device.o
LOAD ./rtthread/src/idle.o
LOAD ./rtthread/src/ipc.o
LOAD ./rtthread/src/irq.o
LOAD ./rtthread/src/kservice.o
LOAD ./rtthread/src/mem.o
LOAD ./rtthread/src/memheap.o
LOAD ./rtthread/src/mempool.o
LOAD ./rtthread/src/object.o
LOAD ./rtthread/src/scheduler.o
LOAD ./rtthread/src/slab.o
LOAD ./rtthread/src/thread.o
LOAD ./rtthread/src/timer.o
LOAD ./rtthread/libcpu/risc-v/common/context_gcc.o
LOAD ./rtthread/libcpu/risc-v/common/cpuport.o
LOAD ./rtthread/libcpu/risc-v/common/interrupt_gcc.o
LOAD ./rtthread/components/finsh/cmd.o
LOAD ./rtthread/components/finsh/msh.o
LOAD ./rtthread/components/finsh/msh_cmd.o
LOAD ./rtthread/components/finsh/msh_file.o
LOAD ./rtthread/components/finsh/shell.o
LOAD ./rtthread/components/finsh/symbol.o
LOAD ./rtthread/components/drivers/spi/sfud/src/sfud.o
LOAD ./rtthread/components/drivers/spi/sfud/src/sfud_sfdp.o
LOAD ./rtthread/components/drivers/spi/spi_core.o
LOAD ./rtthread/components/drivers/spi/spi_dev.o
LOAD ./rtthread/components/drivers/spi/spi_flash_sfud.o
LOAD ./rtthread/components/drivers/serial/serial.o
LOAD ./rtthread/components/drivers/misc/adc.o
LOAD ./rtthread/components/drivers/misc/dac.o
LOAD ./rtthread/components/drivers/misc/pin.o
LOAD ./rtthread/board.o
LOAD ./mqtt_src/MQTTConnectClient.o
LOAD ./mqtt_src/MQTTDeserializePublish.o
LOAD ./mqtt_src/MQTTFormat.o
LOAD ./mqtt_src/MQTTPacket.o
LOAD ./mqtt_src/MQTTSerializePublish.o
LOAD ./mqtt_src/MQTTSubscribeClient.o
LOAD ./mqtt_src/MQTTUnsubscribeClient.o
LOAD ./fal/src/fal.o
LOAD ./fal/src/fal_flash.o
LOAD ./fal/src/fal_partition.o
LOAD ./fal/src/fal_rtt.o
LOAD ./fal/samples/porting/fal_flash_sfud_port.o
LOAD ./fal/samples/porting/fal_flash_stm32f2_port.o
LOAD ./drivers/drv_adc.o
LOAD ./drivers/drv_dac.o
LOAD ./drivers/drv_gpio.o
LOAD ./drivers/drv_rtc.o
LOAD ./drivers/drv_spi.o
LOAD ./drivers/drv_usart.o
LOAD ./drivers/spi_flash_init.o
LOAD ./agile_modbus-1.1.3/util/agile_modbus_slave_util.o
LOAD ./agile_modbus-1.1.3/util/bits.o
LOAD ./agile_modbus-1.1.3/util/input_bits.o
LOAD ./agile_modbus-1.1.3/util/input_registers.o
LOAD ./agile_modbus-1.1.3/util/registers.o
LOAD ./agile_modbus-1.1.3/src/agile_modbus.o
LOAD ./agile_modbus-1.1.3/src/agile_modbus_rtu.o
LOAD ./agile_modbus-1.1.3/src/agile_modbus_tcp.o
LOAD ./User/ch32v30x_it.o
LOAD ./User/ch32v30x_usbhs_host.o
LOAD ./User/main.o
LOAD ./User/system_ch32v30x.o
LOAD ./Udisk_Lib/CH32V103UFI.o
LOAD ./Startup/startup_ch32v30x.o
LOAD ./Peripheral/src/ch32v30x_adc.o
LOAD ./Peripheral/src/ch32v30x_bkp.o
LOAD ./Peripheral/src/ch32v30x_can.o
LOAD ./Peripheral/src/ch32v30x_crc.o
LOAD ./Peripheral/src/ch32v30x_dac.o
LOAD ./Peripheral/src/ch32v30x_dbgmcu.o
LOAD ./Peripheral/src/ch32v30x_dma.o
LOAD ./Peripheral/src/ch32v30x_dvp.o
LOAD ./Peripheral/src/ch32v30x_eth.o
LOAD ./Peripheral/src/ch32v30x_exti.o
LOAD ./Peripheral/src/ch32v30x_flash.o
LOAD ./Peripheral/src/ch32v30x_fsmc.o
LOAD ./Peripheral/src/ch32v30x_gpio.o
LOAD ./Peripheral/src/ch32v30x_i2c.o
LOAD ./Peripheral/src/ch32v30x_iwdg.o
LOAD ./Peripheral/src/ch32v30x_misc.o
LOAD ./Peripheral/src/ch32v30x_opa.o
LOAD ./Peripheral/src/ch32v30x_pwr.o
LOAD ./Peripheral/src/ch32v30x_rcc.o
LOAD ./Peripheral/src/ch32v30x_rng.o
LOAD ./Peripheral/src/ch32v30x_rtc.o
LOAD ./Peripheral/src/ch32v30x_sdio.o
LOAD ./Peripheral/src/ch32v30x_spi.o
LOAD ./Peripheral/src/ch32v30x_tim.o
LOAD ./Peripheral/src/ch32v30x_usart.o
LOAD ./Peripheral/src/ch32v30x_wwdg.o
LOAD ./NetLib/eth_driver.o
LOAD ./FlashDB/src/fdb.o
LOAD ./FlashDB/src/fdb_file.o
LOAD ./FlashDB/src/fdb_kvdb.o
LOAD ./FlashDB/src/fdb_tsdb.o
LOAD ./FlashDB/src/fdb_utils.o
LOAD ./FlashDB/samples/kvdb_basic_sample.o
LOAD ./FlashDB/samples/kvdb_type_blob_sample.o
LOAD ./FlashDB/samples/kvdb_type_string_sample.o
LOAD ./FlashDB/samples/tsdb_sample.o
LOAD ./Debug/debug.o
LOAD ./Core/core_riscv.o
LOAD ./APP/db.o
LOAD ./APP/io_app.o
LOAD ./APP/modbus_app.o
LOAD ./APP/net_app.o
LOAD ./APP/rtc_app.o
LOAD ./APP/usbdisk_app.o
LOAD H:/Users/sc/Desktop/rtt_net_usb_drivers/rtt_net_usb_drivers/RT-Thread/rt-thread_usb_net_driver/NetLib/libwchnet.a
LOAD H:/Users/sc/Desktop/rtt_net_usb_drivers/rtt_net_usb_drivers/RT-Thread/rt-thread_usb_net_driver/Udisk_Lib/libRV3UFI.a
LOAD c:/mounriver/mounriver_studio/toolchain/risc-v embedded gcc/bin/../lib/gcc/riscv-none-embed/8.2.0/rv32imac/ilp32\libgcc.a
LOAD c:/mounriver/mounriver_studio/toolchain/risc-v embedded gcc/bin/../lib/gcc/riscv-none-embed/8.2.0/../../../../riscv-none-embed/lib/rv32imac/ilp32\libg_nano.a
LOAD c:/mounriver/mounriver_studio/toolchain/risc-v embedded gcc/bin/../lib/gcc/riscv-none-embed/8.2.0/../../../../riscv-none-embed/lib/rv32imac/ilp32\libc_nano.a
LOAD c:/mounriver/mounriver_studio/toolchain/risc-v embedded gcc/bin/../lib/gcc/riscv-none-embed/8.2.0/rv32imac/ilp32\libgcc.a
START GROUP
LOAD c:/mounriver/mounriver_studio/toolchain/risc-v embedded gcc/bin/../lib/gcc/riscv-none-embed/8.2.0/rv32imac/ilp32\libgcc.a
LOAD c:/mounriver/mounriver_studio/toolchain/risc-v embedded gcc/bin/../lib/gcc/riscv-none-embed/8.2.0/../../../../riscv-none-embed/lib/rv32imac/ilp32\libc_nano.a
LOAD c:/mounriver/mounriver_studio/toolchain/risc-v embedded gcc/bin/../lib/gcc/riscv-none-embed/8.2.0/../../../../riscv-none-embed/lib/rv32imac/ilp32\libnosys.a
END GROUP
START GROUP
LOAD c:/mounriver/mounriver_studio/toolchain/risc-v embedded gcc/bin/../lib/gcc/riscv-none-embed/8.2.0/rv32imac/ilp32\libgcc.a
LOAD c:/mounriver/mounriver_studio/toolchain/risc-v embedded gcc/bin/../lib/gcc/riscv-none-embed/8.2.0/../../../../riscv-none-embed/lib/rv32imac/ilp32\libc_nano.a
LOAD c:/mounriver/mounriver_studio/toolchain/risc-v embedded gcc/bin/../lib/gcc/riscv-none-embed/8.2.0/../../../../riscv-none-embed/lib/rv32imac/ilp32\libnosys.a
END GROUP
                0x0000000000000800                __stack_size = 0x800
                [!provide]                        PROVIDE (_stack_size = __stack_size)

.init           0x0000000000000000       0x38
                0x0000000000000000                _sinit = .
                0x0000000000000000                . = ALIGN (0x4)
 *(SORT_NONE(.init))
 .init          0x0000000000000000       0x38 ./Startup/startup_ch32v30x.o
                0x0000000000000000                _start
                0x0000000000000038                . = ALIGN (0x4)
                0x0000000000000038                _einit = .

.vector         0x0000000000000038      0x1c8
 *(.vector)
 .vector        0x0000000000000038      0x1a0 ./Startup/startup_ch32v30x.o
                0x0000000000000200                . = ALIGN (0x40)
 *fill*         0x00000000000001d8       0x28 

.text           0x0000000000000200    0x1c368
                0x0000000000000200                . = ALIGN (0x4)
 *(.text)
 .text          0x0000000000000200       0xce ./rtthread/libcpu/risc-v/common/context_gcc.o
                0x0000000000000200                rt_hw_context_switch_to
                0x000000000000021c                rt_hw_context_switch
                0x0000000000000276                rt_hw_context_switch_exit
 *fill*         0x00000000000002ce        0x2 
 .text          0x00000000000002d0       0xe2 ./rtthread/libcpu/risc-v/common/interrupt_gcc.o
                0x00000000000002d0                SW_handler
 .text          0x00000000000003b2       0x60 c:/mounriver/mounriver_studio/toolchain/risc-v embedded gcc/bin/../lib/gcc/riscv-none-embed/8.2.0/rv32imac/ilp32\libgcc.a(save-restore.o)
                0x00000000000003b2                __riscv_save_12
                0x00000000000003ba                __riscv_save_9
                0x00000000000003ba                __riscv_save_11
                0x00000000000003ba                __riscv_save_10
                0x00000000000003ba                __riscv_save_8
                0x00000000000003c8                __riscv_save_4
                0x00000000000003c8                __riscv_save_6
                0x00000000000003c8                __riscv_save_5
                0x00000000000003c8                __riscv_save_7
                0x00000000000003e2                __riscv_save_3
                0x00000000000003e2                __riscv_save_2
                0x00000000000003e2                __riscv_save_1
                0x00000000000003e2                __riscv_save_0
                0x00000000000003ee                __riscv_restore_12
                0x00000000000003f2                __riscv_restore_11
                0x00000000000003f2                __riscv_restore_9
                0x00000000000003f2                __riscv_restore_10
                0x00000000000003f2                __riscv_restore_8
                0x00000000000003fc                __riscv_restore_5
                0x00000000000003fc                __riscv_restore_7
                0x00000000000003fc                __riscv_restore_6
                0x00000000000003fc                __riscv_restore_4
                0x0000000000000406                __riscv_restore_3
                0x0000000000000406                __riscv_restore_0
                0x0000000000000406                __riscv_restore_2
                0x0000000000000406                __riscv_restore_1
 .text          0x0000000000000412       0xa8 c:/mounriver/mounriver_studio/toolchain/risc-v embedded gcc/bin/../lib/gcc/riscv-none-embed/8.2.0/../../../../riscv-none-embed/lib/rv32imac/ilp32\libg_nano.a(lib_a-memset.o)
                0x0000000000000412                memset
 .text          0x00000000000004ba      0x11e c:/mounriver/mounriver_studio/toolchain/risc-v embedded gcc/bin/../lib/gcc/riscv-none-embed/8.2.0/../../../../riscv-none-embed/lib/rv32imac/ilp32\libg_nano.a(lib_a-strcmp.o)
                0x00000000000004ba                strcmp
 *(.text.*)
 .text.rt_tick_get
                0x00000000000005d8        0x6 ./rtthread/src/clock.o
                0x00000000000005d8                rt_tick_get
 .text.rt_tick_increase
                0x00000000000005de       0x2a ./rtthread/src/clock.o
                0x00000000000005de                rt_tick_increase
 .text.rt_tick_from_millisecond
                0x0000000000000608       0x2e ./rtthread/src/clock.o
                0x0000000000000608                rt_tick_from_millisecond
 .text.rti_start
                0x0000000000000636        0x4 ./rtthread/src/components.o
 .text.rti_end  0x000000000000063a        0x4 ./rtthread/src/components.o
 .text.rti_board_start
                0x000000000000063e        0x4 ./rtthread/src/components.o
 .text.rti_board_end
                0x0000000000000642        0x4 ./rtthread/src/components.o
 .text.rt_components_board_init
                0x0000000000000646       0x2a ./rtthread/src/components.o
                0x0000000000000646                rt_components_board_init
 .text.rt_components_init
                0x0000000000000670       0x2a ./rtthread/src/components.o
                0x0000000000000670                rt_components_init
 .text.main_thread_entry
                0x000000000000069a        0xe ./rtthread/src/components.o
                0x000000000000069a                main_thread_entry
 .text.rt_application_init
                0x00000000000006a8       0x2e ./rtthread/src/components.o
                0x00000000000006a8                rt_application_init
 .text.rtthread_startup
                0x00000000000006d6       0x2c ./rtthread/src/components.o
                0x00000000000006d6                rtthread_startup
 .text.entry    0x0000000000000702        0xe ./rtthread/src/components.o
                0x0000000000000702                entry
 .text.rt_device_unregister
                0x0000000000000710       0x10 ./rtthread/src/device.o
                0x0000000000000710                rt_device_unregister
 .text.rt_device_find
                0x0000000000000720       0x5e ./rtthread/src/device.o
                0x0000000000000720                rt_device_find
 .text.rt_device_register
                0x000000000000077e       0x44 ./rtthread/src/device.o
                0x000000000000077e                rt_device_register
 .text.rt_device_open
                0x00000000000007c2       0x96 ./rtthread/src/device.o
                0x00000000000007c2                rt_device_open
 .text.rt_device_close
                0x0000000000000858       0x44 ./rtthread/src/device.o
                0x0000000000000858                rt_device_close
 .text.rt_device_read
                0x000000000000089c       0x2a ./rtthread/src/device.o
                0x000000000000089c                rt_device_read
 .text.rt_device_write
                0x00000000000008c6       0x2a ./rtthread/src/device.o
                0x00000000000008c6                rt_device_write
 .text.rt_device_set_rx_indicate
                0x00000000000008f0        0x6 ./rtthread/src/device.o
                0x00000000000008f0                rt_device_set_rx_indicate
 .text.rt_thread_idle_excute
                0x00000000000008f6       0xa0 ./rtthread/src/idle.o
                0x00000000000008f6                rt_thread_idle_excute
 .text.rt_thread_idle_entry
                0x0000000000000996       0x22 ./rtthread/src/idle.o
 .text.rt_thread_idle_init
                0x00000000000009b8       0x3c ./rtthread/src/idle.o
                0x00000000000009b8                rt_thread_idle_init
 .text.rt_ipc_list_resume_all
                0x00000000000009f4       0x3a ./rtthread/src/ipc.o
 .text.rt_ipc_list_suspend
                0x0000000000000a2e       0x5e ./rtthread/src/ipc.o
 .text.rt_sem_init
                0x0000000000000a8c       0x34 ./rtthread/src/ipc.o
                0x0000000000000a8c                rt_sem_init
 .text.rt_sem_create
                0x0000000000000ac0       0x2e ./rtthread/src/ipc.o
                0x0000000000000ac0                rt_sem_create
 .text.rt_sem_delete
                0x0000000000000aee       0x1c ./rtthread/src/ipc.o
                0x0000000000000aee                rt_sem_delete
 .text.rt_sem_take
                0x0000000000000b0a       0x96 ./rtthread/src/ipc.o
                0x0000000000000b0a                rt_sem_take
 .text.rt_sem_release
                0x0000000000000ba0       0x50 ./rtthread/src/ipc.o
                0x0000000000000ba0                rt_sem_release
 .text.rt_sem_control
                0x0000000000000bf0       0x40 ./rtthread/src/ipc.o
                0x0000000000000bf0                rt_sem_control
 .text.rt_mutex_init
                0x0000000000000c30       0x38 ./rtthread/src/ipc.o
                0x0000000000000c30                rt_mutex_init
 .text.rt_mutex_detach
                0x0000000000000c68       0x1c ./rtthread/src/ipc.o
                0x0000000000000c68                rt_mutex_detach
 .text.rt_mutex_take
                0x0000000000000c84       0xf0 ./rtthread/src/ipc.o
                0x0000000000000c84                rt_mutex_take
 .text.rt_mutex_release
                0x0000000000000d74       0xc4 ./rtthread/src/ipc.o
                0x0000000000000d74                rt_mutex_release
 .text.rt_interrupt_enter
                0x0000000000000e38       0x2e ./rtthread/src/irq.o
                0x0000000000000e38                rt_interrupt_enter
 .text.rt_interrupt_leave
                0x0000000000000e66       0x2e ./rtthread/src/irq.o
                0x0000000000000e66                rt_interrupt_leave
 .text.rt_interrupt_get_nest
                0x0000000000000e94        0x6 ./rtthread/src/irq.o
                0x0000000000000e94                rt_interrupt_get_nest
 .text.print_number
                0x0000000000000e9a      0x184 ./rtthread/src/kservice.o
 .text.rt_set_errno
                0x000000000000101e       0x22 ./rtthread/src/kservice.o
                0x000000000000101e                rt_set_errno
 .text.rt_memset
                0x0000000000001040       0x88 ./rtthread/src/kservice.o
                0x0000000000001040                rt_memset
 .text.rt_memmove
                0x00000000000010c8       0x4a ./rtthread/src/kservice.o
                0x00000000000010c8                rt_memmove
 .text.rt_strncpy
                0x0000000000001112       0x2c ./rtthread/src/kservice.o
                0x0000000000001112                rt_strncpy
 .text.rt_strncmp
                0x000000000000113e       0x2c ./rtthread/src/kservice.o
                0x000000000000113e                rt_strncmp
 .text.rt_strcmp
                0x000000000000116a       0x1a ./rtthread/src/kservice.o
                0x000000000000116a                rt_strcmp
 .text.rt_strlen
                0x0000000000001184       0x12 ./rtthread/src/kservice.o
                0x0000000000001184                rt_strlen
 .text.rt_vsnprintf
                0x0000000000001196      0x390 ./rtthread/src/kservice.o
                0x0000000000001196                rt_vsnprintf
 .text.rt_console_get_device
                0x0000000000001526        0x6 ./rtthread/src/kservice.o
                0x0000000000001526                rt_console_get_device
 .text.rt_console_set_device
                0x000000000000152c       0x3c ./rtthread/src/kservice.o
                0x000000000000152c                rt_console_set_device
 .text.rt_hw_console_output
                0x0000000000001568        0x2 ./rtthread/src/kservice.o
                0x0000000000001568                rt_hw_console_output
 .text.rt_kprintf
                0x000000000000156a       0x6e ./rtthread/src/kservice.o
                0x000000000000156a                rt_kprintf
 .text.rt_show_version
                0x00000000000015d8       0x3e ./rtthread/src/kservice.o
                0x00000000000015d8                rt_show_version
 .text.__rt_ffs
                0x0000000000001616       0x56 ./rtthread/src/kservice.o
                0x0000000000001616                __rt_ffs
 .text.plug_holes
                0x000000000000166c       0x5c ./rtthread/src/mem.o
 .text.list_mem
                0x00000000000016c8       0x32 ./rtthread/src/mem.o
                0x00000000000016c8                list_mem
 .text.rt_system_heap_init
                0x00000000000016fa       0x80 ./rtthread/src/mem.o
                0x00000000000016fa                rt_system_heap_init
 .text.rt_malloc
                0x000000000000177a      0x144 ./rtthread/src/mem.o
                0x000000000000177a                rt_malloc
 .text.rt_calloc
                0x00000000000018be       0x26 ./rtthread/src/mem.o
                0x00000000000018be                rt_calloc
 .text.rt_free  0x00000000000018e4       0xc8 ./rtthread/src/mem.o
                0x00000000000018e4                rt_free
 .text.rt_object_get_information
                0x00000000000019ac       0x2a ./rtthread/src/object.o
                0x00000000000019ac                rt_object_get_information
 .text.rt_object_init
                0x00000000000019d6       0x72 ./rtthread/src/object.o
                0x00000000000019d6                rt_object_init
 .text.rt_object_detach
                0x0000000000001a48       0x32 ./rtthread/src/object.o
                0x0000000000001a48                rt_object_detach
 .text.rt_object_allocate
                0x0000000000001a7a       0x68 ./rtthread/src/object.o
                0x0000000000001a7a                rt_object_allocate
 .text.rt_object_delete
                0x0000000000001ae2       0x36 ./rtthread/src/object.o
                0x0000000000001ae2                rt_object_delete
 .text.rt_object_is_systemobject
                0x0000000000001b18        0x8 ./rtthread/src/object.o
                0x0000000000001b18                rt_object_is_systemobject
 .text.rt_system_scheduler_init
                0x0000000000001b20       0x2e ./rtthread/src/scheduler.o
                0x0000000000001b20                rt_system_scheduler_init
 .text.rt_system_scheduler_start
                0x0000000000001b4e       0x2c ./rtthread/src/scheduler.o
                0x0000000000001b4e                rt_system_scheduler_start
 .text.rt_schedule
                0x0000000000001b7a       0x76 ./rtthread/src/scheduler.o
                0x0000000000001b7a                rt_schedule
 .text.rt_schedule_insert_thread
                0x0000000000001bf0       0x4c ./rtthread/src/scheduler.o
                0x0000000000001bf0                rt_schedule_insert_thread
 .text.rt_schedule_remove_thread
                0x0000000000001c3c       0x4a ./rtthread/src/scheduler.o
                0x0000000000001c3c                rt_schedule_remove_thread
 .text.rt_enter_critical
                0x0000000000001c86       0x1e ./rtthread/src/scheduler.o
                0x0000000000001c86                rt_enter_critical
 .text.rt_exit_critical
                0x0000000000001ca4       0x40 ./rtthread/src/scheduler.o
                0x0000000000001ca4                rt_exit_critical
 .text.rt_thread_exit
                0x0000000000001ce4       0x5c ./rtthread/src/thread.o
                0x0000000000001ce4                rt_thread_exit
 .text._rt_thread_init.isra.0
                0x0000000000001d40       0x90 ./rtthread/src/thread.o
 .text.rt_thread_timeout
                0x0000000000001dd0       0x20 ./rtthread/src/thread.o
                0x0000000000001dd0                rt_thread_timeout
 .text.rt_thread_init
                0x0000000000001df0       0x3a ./rtthread/src/thread.o
                0x0000000000001df0                rt_thread_init
 .text.rt_thread_self
                0x0000000000001e2a        0x6 ./rtthread/src/thread.o
                0x0000000000001e2a                rt_thread_self
 .text.rt_thread_create
                0x0000000000001e30       0x56 ./rtthread/src/thread.o
                0x0000000000001e30                rt_thread_create
 .text.rt_thread_delete
                0x0000000000001e86       0x42 ./rtthread/src/thread.o
                0x0000000000001e86                rt_thread_delete
 .text.rt_thread_yield
                0x0000000000001ec8       0x54 ./rtthread/src/thread.o
                0x0000000000001ec8                rt_thread_yield
 .text.rt_thread_suspend
                0x0000000000001f1c       0x52 ./rtthread/src/thread.o
                0x0000000000001f1c                rt_thread_suspend
 .text.rt_thread_sleep
                0x0000000000001f6e       0x4a ./rtthread/src/thread.o
                0x0000000000001f6e                rt_thread_sleep
 .text.rt_thread_delay
                0x0000000000001fb8        0x2 ./rtthread/src/thread.o
                0x0000000000001fb8                rt_thread_delay
 .text.rt_thread_mdelay
                0x0000000000001fba        0xe ./rtthread/src/thread.o
                0x0000000000001fba                rt_thread_mdelay
 .text.rt_thread_resume
                0x0000000000001fc8       0x56 ./rtthread/src/thread.o
                0x0000000000001fc8                rt_thread_resume
 .text.rt_thread_startup
                0x000000000000201e       0x2e ./rtthread/src/thread.o
                0x000000000000201e                rt_thread_startup
 .text.rt_thread_control
                0x000000000000204c       0x90 ./rtthread/src/thread.o
                0x000000000000204c                rt_thread_control
 .text._rt_timer_remove.part.1
                0x00000000000020dc       0x12 ./rtthread/src/timer.o
 .text.rt_timer_init
                0x00000000000020ee       0x42 ./rtthread/src/timer.o
                0x00000000000020ee                rt_timer_init
 .text.rt_timer_detach
                0x0000000000002130       0x28 ./rtthread/src/timer.o
                0x0000000000002130                rt_timer_detach
 .text.rt_timer_start
                0x0000000000002158       0x92 ./rtthread/src/timer.o
                0x0000000000002158                rt_timer_start
 .text.rt_timer_stop
                0x00000000000021ea       0x40 ./rtthread/src/timer.o
                0x00000000000021ea                rt_timer_stop
 .text.rt_timer_control
                0x000000000000222a       0x3e ./rtthread/src/timer.o
                0x000000000000222a                rt_timer_control
 .text.rt_timer_check
                0x0000000000002268       0x98 ./rtthread/src/timer.o
                0x0000000000002268                rt_timer_check
 .text.rt_system_timer_init
                0x0000000000002300        0xa ./rtthread/src/timer.o
                0x0000000000002300                rt_system_timer_init
 .text.rt_system_timer_thread_init
                0x000000000000230a        0x2 ./rtthread/src/timer.o
                0x000000000000230a                rt_system_timer_thread_init
 .text.rt_hw_stack_init
                0x000000000000230c       0x36 ./rtthread/libcpu/risc-v/common/cpuport.o
                0x000000000000230c                rt_hw_stack_init
 .text.sw_setpend
                0x0000000000002342       0x10 ./rtthread/libcpu/risc-v/common/cpuport.o
                0x0000000000002342                sw_setpend
 .text.sw_clearpend
                0x0000000000002352        0xe ./rtthread/libcpu/risc-v/common/cpuport.o
                0x0000000000002352                sw_clearpend
 .text.rt_hw_interrupt_disable
                0x0000000000002360        0xc ./rtthread/libcpu/risc-v/common/cpuport.o
                0x0000000000002360                rt_hw_interrupt_disable
 .text.rt_hw_interrupt_enable
                0x000000000000236c        0x6 ./rtthread/libcpu/risc-v/common/cpuport.o
                0x000000000000236c                rt_hw_interrupt_enable
 .text.rt_hw_context_switch_interrupt
                0x0000000000002372       0x1a ./rtthread/libcpu/risc-v/common/cpuport.o
                0x0000000000002372                rt_hw_context_switch_interrupt
 .text.rt_list_len
                0x000000000000238c       0x12 ./rtthread/components/finsh/cmd.o
 .text.reboot   0x000000000000239e       0x12 ./rtthread/components/finsh/cmd.o
                0x000000000000239e                reboot
 .text.clear    0x00000000000023b0       0x18 ./rtthread/components/finsh/cmd.o
                0x00000000000023b0                clear
 .text.object_split
                0x00000000000023c8       0x2e ./rtthread/components/finsh/cmd.o
 .text.show_wait_queue
                0x00000000000023f6       0x48 ./rtthread/components/finsh/cmd.o
 .text.object_name_maxlen
                0x000000000000243e       0x4c ./rtthread/components/finsh/cmd.o
 .text.list_thread
                0x000000000000248a      0x110 ./rtthread/components/finsh/cmd.o
                0x000000000000248a                list_thread
 .text.list_sem
                0x000000000000259a       0xd0 ./rtthread/components/finsh/cmd.o
                0x000000000000259a                list_sem
 .text.list_event
                0x000000000000266a       0xc6 ./rtthread/components/finsh/cmd.o
                0x000000000000266a                list_event
 .text.list_mutex
                0x0000000000002730       0x90 ./rtthread/components/finsh/cmd.o
                0x0000000000002730                list_mutex
 .text.list_mailbox
                0x00000000000027c0       0xdc ./rtthread/components/finsh/cmd.o
                0x00000000000027c0                list_mailbox
 .text.list_msgqueue
                0x000000000000289c       0xd2 ./rtthread/components/finsh/cmd.o
                0x000000000000289c                list_msgqueue
 .text.list_device
                0x000000000000296e       0xa8 ./rtthread/components/finsh/cmd.o
                0x000000000000296e                list_device
 .text.list_timer
                0x0000000000002a16       0xb4 ./rtthread/components/finsh/cmd.o
                0x0000000000002a16                list_timer
 .text.list     0x0000000000002aca       0x60 ./rtthread/components/finsh/cmd.o
                0x0000000000002aca                list
 .text.msh_help
                0x0000000000002b2a       0x6e ./rtthread/components/finsh/msh.o
                0x0000000000002b2a                msh_help
 .text.msh_is_used
                0x0000000000002b98        0x4 ./rtthread/components/finsh/msh.o
                0x0000000000002b98                msh_is_used
 .text.msh_exec
                0x0000000000002b9c      0x1c4 ./rtthread/components/finsh/msh.o
                0x0000000000002b9c                msh_exec
 .text.msh_auto_complete
                0x0000000000002d60       0xda ./rtthread/components/finsh/msh.o
                0x0000000000002d60                msh_auto_complete
 .text.cmd_ps   0x0000000000002e3a       0x10 ./rtthread/components/finsh/msh_cmd.o
                0x0000000000002e3a                cmd_ps
 .text.cmd_free
                0x0000000000002e4a       0x10 ./rtthread/components/finsh/msh_cmd.o
                0x0000000000002e4a                cmd_free
 .text.finsh_rx_ind
                0x0000000000002e5a       0x14 ./rtthread/components/finsh/shell.o
 .text.finsh_system_init
                0x0000000000002e6e       0xa2 ./rtthread/components/finsh/shell.o
                0x0000000000002e6e                finsh_system_init
 .text.finsh_get_prompt
                0x0000000000002f10       0x42 ./rtthread/components/finsh/shell.o
                0x0000000000002f10                finsh_get_prompt
 .text.shell_handle_history
                0x0000000000002f52       0x34 ./rtthread/components/finsh/shell.o
 .text.finsh_set_device
                0x0000000000002f86       0x92 ./rtthread/components/finsh/shell.o
                0x0000000000002f86                finsh_set_device
 .text.finsh_thread_entry
                0x0000000000003018      0x43e ./rtthread/components/finsh/shell.o
                0x0000000000003018                finsh_thread_entry
 .text.make_adress_byte_array.isra.1
                0x0000000000003456       0x1c ./rtthread/components/drivers/spi/sfud/src/sfud.o
 .text.sfud_read_status
                0x0000000000003472       0x22 ./rtthread/components/drivers/spi/sfud/src/sfud.o
                0x0000000000003472                sfud_read_status
 .text.wait_busy
                0x0000000000003494       0x38 ./rtthread/components/drivers/spi/sfud/src/sfud.o
 .text.sfud_read
                0x00000000000034cc       0x82 ./rtthread/components/drivers/spi/sfud/src/sfud.o
                0x00000000000034cc                sfud_read
 .text.set_write_enabled
                0x000000000000354e       0x50 ./rtthread/components/drivers/spi/sfud/src/sfud.o
 .text.sfud_chip_erase
                0x000000000000359e       0x88 ./rtthread/components/drivers/spi/sfud/src/sfud.o
                0x000000000000359e                sfud_chip_erase
 .text.sfud_erase
                0x0000000000003626       0xf4 ./rtthread/components/drivers/spi/sfud/src/sfud.o
                0x0000000000003626                sfud_erase
 .text.page256_or_1_byte_write
                0x000000000000371a       0xf4 ./rtthread/components/drivers/spi/sfud/src/sfud.o
 .text.sfud_write
                0x000000000000380e      0x148 ./rtthread/components/drivers/spi/sfud/src/sfud.o
                0x000000000000380e                sfud_write
 .text.sfud_erase_write
                0x0000000000003956       0x3a ./rtthread/components/drivers/spi/sfud/src/sfud.o
                0x0000000000003956                sfud_erase_write
 .text.sfud_write_status
                0x0000000000003990       0x58 ./rtthread/components/drivers/spi/sfud/src/sfud.o
                0x0000000000003990                sfud_write_status
 .text.sfud_device_init
                0x00000000000039e8      0x1ec ./rtthread/components/drivers/spi/sfud/src/sfud.o
                0x00000000000039e8                sfud_device_init
 .text.read_sfdp_data
                0x0000000000003bd4       0x40 ./rtthread/components/drivers/spi/sfud/src/sfud_sfdp.o
 .text.sfud_read_sfdp
                0x0000000000003c14      0x20e ./rtthread/components/drivers/spi/sfud/src/sfud_sfdp.o
                0x0000000000003c14                sfud_read_sfdp
 .text.sfud_sfdp_get_suitable_eraser
                0x0000000000003e22       0x28 ./rtthread/components/drivers/spi/sfud/src/sfud_sfdp.o
                0x0000000000003e22                sfud_sfdp_get_suitable_eraser
 .text.rt_spi_bus_register
                0x0000000000003e4a       0x42 ./rtthread/components/drivers/spi/spi_core.o
                0x0000000000003e4a                rt_spi_bus_register
 .text.rt_spi_bus_attach_device
                0x0000000000003e8c       0x4e ./rtthread/components/drivers/spi/spi_core.o
                0x0000000000003e8c                rt_spi_bus_attach_device
 .text.rt_spi_configure
                0x0000000000003eda       0x58 ./rtthread/components/drivers/spi/spi_core.o
                0x0000000000003eda                rt_spi_configure
 .text.rt_spi_send_then_recv
                0x0000000000003f32       0xb0 ./rtthread/components/drivers/spi/spi_core.o
                0x0000000000003f32                rt_spi_send_then_recv
 .text.rt_spi_transfer
                0x0000000000003fe2       0x92 ./rtthread/components/drivers/spi/spi_core.o
                0x0000000000003fe2                rt_spi_transfer
 .text._spi_bus_device_control
                0x0000000000004074        0x4 ./rtthread/components/drivers/spi/spi_dev.o
 .text._spi_bus_device_write
                0x0000000000004078        0xa ./rtthread/components/drivers/spi/spi_dev.o
 .text._spi_bus_device_read
                0x0000000000004082        0x8 ./rtthread/components/drivers/spi/spi_dev.o
 .text._spidev_device_write
                0x000000000000408a        0x8 ./rtthread/components/drivers/spi/spi_dev.o
 .text._spidev_device_read
                0x0000000000004092        0x6 ./rtthread/components/drivers/spi/spi_dev.o
 .text._spidev_device_control
                0x0000000000004098        0x4 ./rtthread/components/drivers/spi/spi_dev.o
 .text.rt_spi_bus_device_init
                0x000000000000409c       0x34 ./rtthread/components/drivers/spi/spi_dev.o
                0x000000000000409c                rt_spi_bus_device_init
 .text.rt_spidev_device_init
                0x00000000000040d0       0x34 ./rtthread/components/drivers/spi/spi_dev.o
                0x00000000000040d0                rt_spidev_device_init
 .text.retry_delay_100us
                0x0000000000004104        0x6 ./rtthread/components/drivers/spi/spi_flash_sfud.o
 .text.spi_unlock
                0x000000000000410a        0xc ./rtthread/components/drivers/spi/spi_flash_sfud.o
 .text.spi_lock
                0x0000000000004116        0xe ./rtthread/components/drivers/spi/spi_flash_sfud.o
 .text.spi_write_read
                0x0000000000004124       0x34 ./rtthread/components/drivers/spi/spi_flash_sfud.o
 .text.rt_sfud_write
                0x0000000000004158       0x2a ./rtthread/components/drivers/spi/spi_flash_sfud.o
 .text.rt_sfud_read
                0x0000000000004182       0x2a ./rtthread/components/drivers/spi/spi_flash_sfud.o
 .text.rt_sfud_control
                0x00000000000041ac       0x64 ./rtthread/components/drivers/spi/spi_flash_sfud.o
 .text.sfud_spi_port_init
                0x0000000000004210       0x38 ./rtthread/components/drivers/spi/spi_flash_sfud.o
                0x0000000000004210                sfud_spi_port_init
 .text.rt_sfud_flash_probe_ex
                0x0000000000004248      0x16a ./rtthread/components/drivers/spi/spi_flash_sfud.o
                0x0000000000004248                rt_sfud_flash_probe_ex
 .text.rt_sfud_flash_probe
                0x00000000000043b2       0x2a ./rtthread/components/drivers/spi/spi_flash_sfud.o
                0x00000000000043b2                rt_sfud_flash_probe
 .text.rt_sfud_flash_delete
                0x00000000000043dc       0x3c ./rtthread/components/drivers/spi/spi_flash_sfud.o
                0x00000000000043dc                rt_sfud_flash_delete
 .text.sf       0x0000000000004418      0x62a ./rtthread/components/drivers/spi/spi_flash_sfud.o
 .text.rt_sfud_flash_find_by_dev_name
                0x0000000000004a42       0x20 ./rtthread/components/drivers/spi/spi_flash_sfud.o
                0x0000000000004a42                rt_sfud_flash_find_by_dev_name
 .text.rt_serial_init
                0x0000000000004a62       0x1c ./rtthread/components/drivers/serial/serial.o
 .text.rt_serial_write
                0x0000000000004a7e       0x5c ./rtthread/components/drivers/serial/serial.o
 .text.rt_serial_open
                0x0000000000004ada       0xbe ./rtthread/components/drivers/serial/serial.o
 .text.rt_serial_control
                0x0000000000004b98       0x78 ./rtthread/components/drivers/serial/serial.o
 .text.rt_serial_read
                0x0000000000004c10       0xc4 ./rtthread/components/drivers/serial/serial.o
 .text.rt_serial_close
                0x0000000000004cd4       0x4e ./rtthread/components/drivers/serial/serial.o
 .text.rt_hw_serial_register
                0x0000000000004d22       0x52 ./rtthread/components/drivers/serial/serial.o
                0x0000000000004d22                rt_hw_serial_register
 .text.rt_hw_serial_isr
                0x0000000000004d74       0xdc ./rtthread/components/drivers/serial/serial.o
                0x0000000000004d74                rt_hw_serial_isr
 .text._adc_read
                0x0000000000004e50       0x46 ./rtthread/components/drivers/misc/adc.o
 .text._adc_control
                0x0000000000004e96       0x24 ./rtthread/components/drivers/misc/adc.o
 .text.rt_hw_adc_register
                0x0000000000004eba       0x3a ./rtthread/components/drivers/misc/adc.o
                0x0000000000004eba                rt_hw_adc_register
 .text.rt_adc_read
                0x0000000000004ef4       0x14 ./rtthread/components/drivers/misc/adc.o
                0x0000000000004ef4                rt_adc_read
 .text.rt_adc_enable
                0x0000000000004f08       0x12 ./rtthread/components/drivers/misc/adc.o
                0x0000000000004f08                rt_adc_enable
 .text.rt_adc_disable
                0x0000000000004f1a       0x12 ./rtthread/components/drivers/misc/adc.o
                0x0000000000004f1a                rt_adc_disable
 .text.adc      0x0000000000004f2c      0x208 ./rtthread/components/drivers/misc/adc.o
 .text._dac_write
                0x0000000000005134       0x46 ./rtthread/components/drivers/misc/dac.o
 .text._dac_control
                0x000000000000517a       0x24 ./rtthread/components/drivers/misc/dac.o
 .text.rt_hw_dac_register
                0x000000000000519e       0x3a ./rtthread/components/drivers/misc/dac.o
                0x000000000000519e                rt_hw_dac_register
 .text.rt_dac_write
                0x00000000000051d8       0x16 ./rtthread/components/drivers/misc/dac.o
                0x00000000000051d8                rt_dac_write
 .text.rt_dac_enable
                0x00000000000051ee       0x10 ./rtthread/components/drivers/misc/dac.o
                0x00000000000051ee                rt_dac_enable
 .text.rt_dac_disabled
                0x00000000000051fe       0x10 ./rtthread/components/drivers/misc/dac.o
                0x00000000000051fe                rt_dac_disabled
 .text.dac      0x000000000000520e      0x218 ./rtthread/components/drivers/misc/dac.o
 .text._pin_control
                0x0000000000005426       0x22 ./rtthread/components/drivers/misc/pin.o
 .text.rt_pin_mode
                0x0000000000005448       0x14 ./rtthread/components/drivers/misc/pin.o
                0x0000000000005448                rt_pin_mode
 .text.rt_pin_write
                0x000000000000545c       0x14 ./rtthread/components/drivers/misc/pin.o
                0x000000000000545c                rt_pin_write
 .text.rt_pin_read
                0x0000000000005470       0x12 ./rtthread/components/drivers/misc/pin.o
                0x0000000000005470                rt_pin_read
 .text._pin_read
                0x0000000000005482       0x30 ./rtthread/components/drivers/misc/pin.o
 .text._pin_write
                0x00000000000054b2       0x2e ./rtthread/components/drivers/misc/pin.o
 .text.rt_device_pin_register
                0x00000000000054e0       0x56 ./rtthread/components/drivers/misc/pin.o
                0x00000000000054e0                rt_device_pin_register
 .text.rt_heap_begin_get
                0x0000000000005536        0xa ./rtthread/board.o
                0x0000000000005536                rt_heap_begin_get
 .text.rt_heap_end_get
                0x0000000000005540        0xa ./rtthread/board.o
                0x0000000000005540                rt_heap_end_get
 .text.rt_hw_board_init
                0x000000000000554a       0x78 ./rtthread/board.o
                0x000000000000554a                rt_hw_board_init
 .text.SysTick_Handler
                0x00000000000055c2       0x52 ./rtthread/board.o
                0x00000000000055c2                SysTick_Handler
 .text.MQTTSerialize_connectLength
                0x0000000000005614       0xaa ./mqtt_src/MQTTConnectClient.o
                0x0000000000005614                MQTTSerialize_connectLength
 .text.MQTTSerialize_connect
                0x00000000000056be      0x140 ./mqtt_src/MQTTConnectClient.o
                0x00000000000056be                MQTTSerialize_connect
 .text.MQTTDeserialize_publish
                0x00000000000057fe       0xb0 ./mqtt_src/MQTTDeserializePublish.o
                0x00000000000057fe                MQTTDeserialize_publish
 .text.bufchar  0x00000000000058ae       0x34 ./mqtt_src/MQTTPacket.o
                0x00000000000058ae                bufchar
 .text.MQTTPacket_encode
                0x00000000000058e2       0x34 ./mqtt_src/MQTTPacket.o
                0x00000000000058e2                MQTTPacket_encode
 .text.MQTTPacket_decode
                0x0000000000005916       0x62 ./mqtt_src/MQTTPacket.o
                0x0000000000005916                MQTTPacket_decode
 .text.MQTTPacket_len
                0x0000000000005978       0x2e ./mqtt_src/MQTTPacket.o
                0x0000000000005978                MQTTPacket_len
 .text.MQTTPacket_decodeBuf
                0x00000000000059a6       0x10 ./mqtt_src/MQTTPacket.o
                0x00000000000059a6                MQTTPacket_decodeBuf
 .text.readInt  0x00000000000059b6       0x16 ./mqtt_src/MQTTPacket.o
                0x00000000000059b6                readInt
 .text.readChar
                0x00000000000059cc        0xe ./mqtt_src/MQTTPacket.o
                0x00000000000059cc                readChar
 .text.writeChar
                0x00000000000059da        0xe ./mqtt_src/MQTTPacket.o
                0x00000000000059da                writeChar
 .text.writeInt
                0x00000000000059e8       0x26 ./mqtt_src/MQTTPacket.o
                0x00000000000059e8                writeInt
 .text.writeCString
                0x0000000000005a0e       0x3a ./mqtt_src/MQTTPacket.o
                0x0000000000005a0e                writeCString
 .text.writeMQTTString
                0x0000000000005a48       0x5c ./mqtt_src/MQTTPacket.o
                0x0000000000005a48                writeMQTTString
 .text.readMQTTLenString
                0x0000000000005aa4       0x42 ./mqtt_src/MQTTPacket.o
                0x0000000000005aa4                readMQTTLenString
 .text.MQTTstrlen
                0x0000000000005ae6        0xe ./mqtt_src/MQTTPacket.o
                0x0000000000005ae6                MQTTstrlen
 .text.MQTTSerialize_publishLength
                0x0000000000005af4       0x2e ./mqtt_src/MQTTSerializePublish.o
                0x0000000000005af4                MQTTSerialize_publishLength
 .text.MQTTSerialize_publish
                0x0000000000005b22       0xbe ./mqtt_src/MQTTSerializePublish.o
                0x0000000000005b22                MQTTSerialize_publish
 .text.MQTTSerialize_subscribeLength
                0x0000000000005be0       0x4a ./mqtt_src/MQTTSubscribeClient.o
                0x0000000000005be0                MQTTSerialize_subscribeLength
 .text.MQTTSerialize_subscribe
                0x0000000000005c2a       0xae ./mqtt_src/MQTTSubscribeClient.o
                0x0000000000005c2a                MQTTSerialize_subscribe
 .text.fal_init
                0x0000000000005cd8       0x8c ./fal/src/fal.o
                0x0000000000005cd8                fal_init
 .text.fal_init_check
                0x0000000000005d64        0x6 ./fal/src/fal.o
                0x0000000000005d64                fal_init_check
 .text.fal_flash_init
                0x0000000000005d6a       0x3a ./fal/src/fal_flash.o
                0x0000000000005d6a                fal_flash_init
 .text.fal_flash_device_find
                0x0000000000005da4       0x40 ./fal/src/fal_flash.o
                0x0000000000005da4                fal_flash_device_find
 .text.check_and_update_part_cache
                0x0000000000005de4       0x98 ./fal/src/fal_partition.o
 .text.fal_show_part_table
                0x0000000000005e7c      0x14a ./fal/src/fal_partition.o
                0x0000000000005e7c                fal_show_part_table
 .text.fal_partition_init
                0x0000000000005fc6       0x44 ./fal/src/fal_partition.o
                0x0000000000005fc6                fal_partition_init
 .text.fal_partition_find
                0x000000000000600a       0x48 ./fal/src/fal_partition.o
                0x000000000000600a                fal_partition_find
 .text.fal_partition_read
                0x0000000000006052       0xde ./fal/src/fal_partition.o
                0x0000000000006052                fal_partition_read
 .text.fal_partition_write
                0x0000000000006130       0xde ./fal/src/fal_partition.o
                0x0000000000006130                fal_partition_write
 .text.fal_partition_erase
                0x000000000000620e       0xdc ./fal/src/fal_partition.o
                0x000000000000620e                fal_partition_erase
 .text.fal      0x00000000000062ea      0x74e ./fal/src/fal_rtt.o
 .text.erase    0x0000000000006a38       0x2c ./fal/samples/porting/fal_flash_sfud_port.o
 .text.write    0x0000000000006a64       0x2e ./fal/samples/porting/fal_flash_sfud_port.o
 .text.read     0x0000000000006a92       0x28 ./fal/samples/porting/fal_flash_sfud_port.o
 .text.init     0x0000000000006aba       0x32 ./fal/samples/porting/fal_flash_sfud_port.o
 .text.read     0x0000000000006aec       0x22 ./fal/samples/porting/fal_flash_stm32f2_port.o
 .text.erase    0x0000000000006b0e       0x40 ./fal/samples/porting/fal_flash_stm32f2_port.o
 .text.write    0x0000000000006b4e       0xaa ./fal/samples/porting/fal_flash_stm32f2_port.o
 .text.ch32_adc_init
                0x0000000000006bf8       0xb4 ./drivers/drv_adc.o
 .text.ch32_get_adc_value
                0x0000000000006cac       0x84 ./drivers/drv_adc.o
 .text.ch32_adc_enabled
                0x0000000000006d30       0x1a ./drivers/drv_adc.o
 .text.ch32_dac_init
                0x0000000000006d4a       0xca ./drivers/drv_dac.o
 .text.ch32_dac_enabled
                0x0000000000006e14       0x16 ./drivers/drv_dac.o
 .text.ch32_dac_disabled
                0x0000000000006e2a       0x16 ./drivers/drv_dac.o
 .text.ch32_set_dac_value
                0x0000000000006e40       0x30 ./drivers/drv_dac.o
 .text.bit2bitno
                0x0000000000006e70       0x1c ./drivers/drv_gpio.o
 .text.GPIOD_CLK_ENABLE
                0x0000000000006e8c        0xa ./drivers/drv_gpio.o
 .text.GPIOB_CLK_ENABLE
                0x0000000000006e96        0x8 ./drivers/drv_gpio.o
 .text.GPIOA_CLK_ENABLE
                0x0000000000006e9e        0x8 ./drivers/drv_gpio.o
 .text.GPIOC_CLK_ENABLE
                0x0000000000006ea6        0x8 ./drivers/drv_gpio.o
 .text.GPIOE_CLK_ENABLE
                0x0000000000006eae        0xa ./drivers/drv_gpio.o
 .text.rt_hw_pin_init
                0x0000000000006eb8       0x14 ./drivers/drv_gpio.o
                0x0000000000006eb8                rt_hw_pin_init
 .text.get_pin  0x0000000000006ecc       0x20 ./drivers/drv_gpio.o
                0x0000000000006ecc                get_pin
 .text.ch32_pin_write
                0x0000000000006eec       0x26 ./drivers/drv_gpio.o
                0x0000000000006eec                ch32_pin_write
 .text.ch32_pin_read
                0x0000000000006f12       0x22 ./drivers/drv_gpio.o
                0x0000000000006f12                ch32_pin_read
 .text.ch32_pin_mode
                0x0000000000006f34       0x82 ./drivers/drv_gpio.o
                0x0000000000006f34                ch32_pin_mode
 .text.ch32_pin_attach_irq
                0x0000000000006fb6       0xac ./drivers/drv_gpio.o
                0x0000000000006fb6                ch32_pin_attach_irq
 .text.ch32_pin_dettach_irq
                0x0000000000007062       0x60 ./drivers/drv_gpio.o
                0x0000000000007062                ch32_pin_dettach_irq
 .text.ch32_pin_irq_enable
                0x00000000000070c2      0x174 ./drivers/drv_gpio.o
                0x00000000000070c2                ch32_pin_irq_enable
 .text.HAL_GPIO_EXTI_Callback
                0x0000000000007236       0x2e ./drivers/drv_gpio.o
                0x0000000000007236                HAL_GPIO_EXTI_Callback
 .text.EXTI0_IRQHandler
                0x0000000000007264       0x28 ./drivers/drv_gpio.o
                0x0000000000007264                EXTI0_IRQHandler
 .text.EXTI1_IRQHandler
                0x000000000000728c       0x28 ./drivers/drv_gpio.o
                0x000000000000728c                EXTI1_IRQHandler
 .text.EXTI2_IRQHandler
                0x00000000000072b4       0x28 ./drivers/drv_gpio.o
                0x00000000000072b4                EXTI2_IRQHandler
 .text.EXTI3_IRQHandler
                0x00000000000072dc       0x28 ./drivers/drv_gpio.o
                0x00000000000072dc                EXTI3_IRQHandler
 .text.EXTI4_IRQHandler
                0x0000000000007304       0x28 ./drivers/drv_gpio.o
                0x0000000000007304                EXTI4_IRQHandler
 .text.EXTI9_5_IRQHandler
                0x000000000000732c       0x78 ./drivers/drv_gpio.o
                0x000000000000732c                EXTI9_5_IRQHandler
 .text.EXTI15_10_IRQHandler
                0x00000000000073a4       0x80 ./drivers/drv_gpio.o
                0x00000000000073a4                EXTI15_10_IRQHandler
 .text.rt_hw_rtc_init
                0x0000000000007424       0xa2 ./drivers/drv_rtc.o
                0x0000000000007424                rt_hw_rtc_init
 .text.RTC_IsLeapYear
                0x00000000000074c6       0x26 ./drivers/drv_rtc.o
 .text.date     0x00000000000074ec      0x244 ./drivers/drv_rtc.o
 .text.rt_rtc_get_week
                0x0000000000007730       0x4e ./drivers/drv_rtc.o
                0x0000000000007730                rt_rtc_get_week
 .text.rt_rtc_get_time
                0x000000000000777e      0x11e ./drivers/drv_rtc.o
                0x000000000000777e                rt_rtc_get_time
 .text.rt_hw_spi_init
                0x000000000000789c       0x22 ./drivers/drv_spi.o
                0x000000000000789c                rt_hw_spi_init
 .text.spi_configure
                0x00000000000078be      0x254 ./drivers/drv_spi.o
 .text.SPIx_ReadWriteByte
                0x0000000000007b12       0x5e ./drivers/drv_spi.o
 .text.spixfer  0x0000000000007b70      0x15e ./drivers/drv_spi.o
 .text.rt_hw_spi_device_attach
                0x0000000000007cce       0x66 ./drivers/drv_spi.o
                0x0000000000007cce                rt_hw_spi_device_attach
 .text.ch32dma_transmit
                0x0000000000007d34        0x4 ./drivers/drv_usart.o
                0x0000000000007d34                ch32dma_transmit
 .text.uart_isr
                0x0000000000007d38       0x40 ./drivers/drv_usart.o
 .text.rt_hw_usart_init
                0x0000000000007d78       0x9e ./drivers/drv_usart.o
                0x0000000000007d78                rt_hw_usart_init
 .text.ch32_getc
                0x0000000000007e16       0x2e ./drivers/drv_usart.o
 .text.ch32_putc
                0x0000000000007e44       0x32 ./drivers/drv_usart.o
 .text.ch32_control
                0x0000000000007e76       0x62 ./drivers/drv_usart.o
 .text.ch32_configure
                0x0000000000007ed8      0x3fa ./drivers/drv_usart.o
 .text.USART1_IRQHandler
                0x00000000000082d2       0x20 ./drivers/drv_usart.o
                0x00000000000082d2                USART1_IRQHandler
 .text.USART2_IRQHandler
                0x00000000000082f2       0x20 ./drivers/drv_usart.o
                0x00000000000082f2                USART2_IRQHandler
 .text.USART3_IRQHandler
                0x0000000000008312       0x20 ./drivers/drv_usart.o
                0x0000000000008312                USART3_IRQHandler
 .text.rt_hw_spi_flash_init
                0x0000000000008332       0x44 ./drivers/spi_flash_init.o
 .text.get_map_by_addr
                0x0000000000008376       0x20 ./agile_modbus-1.1.3/util/agile_modbus_slave_util.o
 .text.agile_modbus_slave_util_callback
                0x0000000000008396      0x7be ./agile_modbus-1.1.3/util/agile_modbus_slave_util.o
                0x0000000000008396                agile_modbus_slave_util_callback
 .text.set_map_buf
                0x0000000000008b54       0x56 ./agile_modbus-1.1.3/util/bits.o
 .text.get_map_buf
                0x0000000000008baa       0x34 ./agile_modbus-1.1.3/util/bits.o
 .text.get_map_buf
                0x0000000000008bde       0x36 ./agile_modbus-1.1.3/util/input_bits.o
 .text.get_map_buf
                0x0000000000008c14       0x24 ./agile_modbus-1.1.3/util/input_registers.o
 .text.get_map_buf
                0x0000000000008c38       0xa0 ./agile_modbus-1.1.3/util/registers.o
 .text.set_map_buf
                0x0000000000008cd8      0x122 ./agile_modbus-1.1.3/util/registers.o
 .text.agile_modbus_receive_msg_judge
                0x0000000000008dfa      0x136 ./agile_modbus-1.1.3/src/agile_modbus.o
 .text.agile_modbus_common_init
                0x0000000000008f30       0x3c ./agile_modbus-1.1.3/src/agile_modbus.o
                0x0000000000008f30                agile_modbus_common_init
 .text.agile_modbus_set_slave
                0x0000000000008f6c        0x8 ./agile_modbus-1.1.3/src/agile_modbus.o
                0x0000000000008f6c                agile_modbus_set_slave
 .text.agile_modbus_set_compute_meta_length_after_function_cb
                0x0000000000008f74        0x4 ./agile_modbus-1.1.3/src/agile_modbus.o
                0x0000000000008f74                agile_modbus_set_compute_meta_length_after_function_cb
 .text.agile_modbus_set_compute_data_length_after_meta_cb
                0x0000000000008f78        0x4 ./agile_modbus-1.1.3/src/agile_modbus.o
                0x0000000000008f78                agile_modbus_set_compute_data_length_after_meta_cb
 .text.agile_modbus_receive_judge
                0x0000000000008f7c       0x18 ./agile_modbus-1.1.3/src/agile_modbus.o
                0x0000000000008f7c                agile_modbus_receive_judge
 .text.agile_modbus_slave_io_set
                0x0000000000008f94       0x2c ./agile_modbus-1.1.3/src/agile_modbus.o
                0x0000000000008f94                agile_modbus_slave_io_set
 .text.agile_modbus_slave_io_get
                0x0000000000008fc0       0x18 ./agile_modbus-1.1.3/src/agile_modbus.o
                0x0000000000008fc0                agile_modbus_slave_io_get
 .text.agile_modbus_slave_register_set
                0x0000000000008fd8       0x12 ./agile_modbus-1.1.3/src/agile_modbus.o
                0x0000000000008fd8                agile_modbus_slave_register_set
 .text.agile_modbus_slave_register_get
                0x0000000000008fea       0x16 ./agile_modbus-1.1.3/src/agile_modbus.o
                0x0000000000008fea                agile_modbus_slave_register_get
 .text.agile_modbus_slave_handle
                0x0000000000009000      0x3e8 ./agile_modbus-1.1.3/src/agile_modbus.o
                0x0000000000009000                agile_modbus_slave_handle
 .text.agile_modbus_rtu_set_slave
                0x00000000000093e8        0x6 ./agile_modbus-1.1.3/src/agile_modbus_rtu.o
 .text.agile_modbus_rtu_build_request_basis
                0x00000000000093ee       0x26 ./agile_modbus-1.1.3/src/agile_modbus_rtu.o
 .text.agile_modbus_rtu_build_response_basis
                0x0000000000009414       0x10 ./agile_modbus-1.1.3/src/agile_modbus_rtu.o
 .text.agile_modbus_rtu_prepare_response_tid
                0x0000000000009424        0xa ./agile_modbus-1.1.3/src/agile_modbus_rtu.o
 .text.agile_modbus_rtu_check_integrity
                0x000000000000942e       0x6a ./agile_modbus-1.1.3/src/agile_modbus_rtu.o
 .text.agile_modbus_rtu_pre_check_confirmation
                0x0000000000009498       0x18 ./agile_modbus-1.1.3/src/agile_modbus_rtu.o
 .text.agile_modbus_rtu_send_msg_pre
                0x00000000000094b0       0x64 ./agile_modbus-1.1.3/src/agile_modbus_rtu.o
 .text.agile_modbus_rtu_init
                0x0000000000009514       0x20 ./agile_modbus-1.1.3/src/agile_modbus_rtu.o
                0x0000000000009514                agile_modbus_rtu_init
 .text.agile_modbus_tcp_set_slave
                0x0000000000009534        0x6 ./agile_modbus-1.1.3/src/agile_modbus_tcp.o
 .text.agile_modbus_tcp_build_request_basis
                0x000000000000953a       0x5a ./agile_modbus-1.1.3/src/agile_modbus_tcp.o
 .text.agile_modbus_tcp_build_response_basis
                0x0000000000009594       0x26 ./agile_modbus-1.1.3/src/agile_modbus_tcp.o
 .text.agile_modbus_tcp_prepare_response_tid
                0x00000000000095ba        0xe ./agile_modbus-1.1.3/src/agile_modbus_tcp.o
 .text.agile_modbus_tcp_send_msg_pre
                0x00000000000095c8       0x14 ./agile_modbus-1.1.3/src/agile_modbus_tcp.o
 .text.agile_modbus_tcp_check_integrity
                0x00000000000095dc        0x4 ./agile_modbus-1.1.3/src/agile_modbus_tcp.o
 .text.agile_modbus_tcp_pre_check_confirmation
                0x00000000000095e0       0x30 ./agile_modbus-1.1.3/src/agile_modbus_tcp.o
 .text.agile_modbus_tcp_init
                0x0000000000009610       0x24 ./agile_modbus-1.1.3/src/agile_modbus_tcp.o
                0x0000000000009610                agile_modbus_tcp_init
 .text.PVD_IRQHandler
                0x0000000000009634       0x46 ./User/ch32v30x_it.o
                0x0000000000009634                PVD_IRQHandler
 .text.NMI_Handler
                0x000000000000967a       0x20 ./User/ch32v30x_it.o
                0x000000000000967a                NMI_Handler
 .text.HardFault_Handler
                0x000000000000969a       0x16 ./User/ch32v30x_it.o
                0x000000000000969a                HardFault_Handler
 .text.ETH_IRQHandler
                0x00000000000096b0       0x18 ./User/ch32v30x_it.o
                0x00000000000096b0                ETH_IRQHandler
 .text.led_task_entry
                0x00000000000096c8       0x68 ./User/main.o
                0x00000000000096c8                led_task_entry
 .text.led_task_init
                0x0000000000009730       0x42 ./User/main.o
                0x0000000000009730                led_task_init
 .text.startup.main
                0x0000000000009772       0x48 ./User/main.o
                0x0000000000009772                main
 .text.SystemInit
                0x00000000000097ba       0xfa ./User/system_ch32v30x.o
                0x00000000000097ba                SystemInit
 .text.vector_handler
                0x00000000000098b4       0xbe ./Startup/startup_ch32v30x.o
                0x00000000000098b8                Ecall_M_Mode_Handler
                0x00000000000098ba                Ecall_U_Mode_Handler
                0x00000000000098bc                Break_Point_Handler
                0x00000000000098c2                WWDG_IRQHandler
                0x00000000000098c6                TAMPER_IRQHandler
                0x00000000000098c8                RTC_IRQHandler
                0x00000000000098ca                FLASH_IRQHandler
                0x00000000000098cc                RCC_IRQHandler
                0x00000000000098d8                DMA1_Channel1_IRQHandler
                0x00000000000098da                DMA1_Channel2_IRQHandler
                0x00000000000098dc                DMA1_Channel3_IRQHandler
                0x00000000000098de                DMA1_Channel4_IRQHandler
                0x00000000000098e0                DMA1_Channel5_IRQHandler
                0x00000000000098e2                DMA1_Channel6_IRQHandler
                0x00000000000098e4                DMA1_Channel7_IRQHandler
                0x00000000000098e6                ADC1_2_IRQHandler
                0x00000000000098e8                USB_HP_CAN1_TX_IRQHandler
                0x00000000000098ea                USB_LP_CAN1_RX0_IRQHandler
                0x00000000000098ec                CAN1_RX1_IRQHandler
                0x00000000000098ee                CAN1_SCE_IRQHandler
                0x00000000000098f2                TIM1_BRK_IRQHandler
                0x00000000000098f4                TIM1_UP_IRQHandler
                0x00000000000098f6                TIM1_TRG_COM_IRQHandler
                0x00000000000098f8                TIM1_CC_IRQHandler
                0x00000000000098fa                TIM2_IRQHandler
                0x00000000000098fc                TIM3_IRQHandler
                0x00000000000098fe                TIM4_IRQHandler
                0x0000000000009900                I2C1_EV_IRQHandler
                0x0000000000009902                I2C1_ER_IRQHandler
                0x0000000000009904                I2C2_EV_IRQHandler
                0x0000000000009906                I2C2_ER_IRQHandler
                0x0000000000009908                SPI1_IRQHandler
                0x000000000000990a                SPI2_IRQHandler
                0x0000000000009914                RTCAlarm_IRQHandler
                0x0000000000009916                USBWakeUp_IRQHandler
                0x0000000000009918                TIM8_BRK_IRQHandler
                0x000000000000991a                TIM8_UP_IRQHandler
                0x000000000000991c                TIM8_TRG_COM_IRQHandler
                0x000000000000991e                TIM8_CC_IRQHandler
                0x0000000000009920                RNG_IRQHandler
                0x0000000000009922                FSMC_IRQHandler
                0x0000000000009924                SDIO_IRQHandler
                0x0000000000009926                TIM5_IRQHandler
                0x0000000000009928                SPI3_IRQHandler
                0x000000000000992a                UART4_IRQHandler
                0x000000000000992c                UART5_IRQHandler
                0x000000000000992e                TIM6_IRQHandler
                0x0000000000009930                TIM7_IRQHandler
                0x0000000000009932                DMA2_Channel1_IRQHandler
                0x0000000000009934                DMA2_Channel2_IRQHandler
                0x0000000000009936                DMA2_Channel3_IRQHandler
                0x0000000000009938                DMA2_Channel4_IRQHandler
                0x000000000000993a                DMA2_Channel5_IRQHandler
                0x000000000000993e                ETH_WKUP_IRQHandler
                0x0000000000009940                CAN2_TX_IRQHandler
                0x0000000000009942                CAN2_RX0_IRQHandler
                0x0000000000009944                CAN2_RX1_IRQHandler
                0x0000000000009946                CAN2_SCE_IRQHandler
                0x0000000000009948                OTG_FS_IRQHandler
                0x000000000000994a                USBHSWakeup_IRQHandler
                0x000000000000994c                USBHS_IRQHandler
                0x000000000000994e                DVP_IRQHandler
                0x0000000000009950                UART6_IRQHandler
                0x0000000000009952                UART7_IRQHandler
                0x0000000000009954                UART8_IRQHandler
                0x0000000000009956                TIM9_BRK_IRQHandler
                0x0000000000009958                TIM9_UP_IRQHandler
                0x000000000000995a                TIM9_TRG_COM_IRQHandler
                0x000000000000995c                TIM9_CC_IRQHandler
                0x000000000000995e                TIM10_BRK_IRQHandler
                0x0000000000009960                TIM10_UP_IRQHandler
                0x0000000000009962                TIM10_TRG_COM_IRQHandler
                0x0000000000009964                TIM10_CC_IRQHandler
                0x0000000000009966                DMA2_Channel6_IRQHandler
                0x0000000000009968                DMA2_Channel7_IRQHandler
                0x000000000000996a                DMA2_Channel8_IRQHandler
                0x000000000000996c                DMA2_Channel9_IRQHandler
                0x000000000000996e                DMA2_Channel10_IRQHandler
                0x0000000000009970                DMA2_Channel11_IRQHandler
 .text.handle_reset
                0x0000000000009972       0x92 ./Startup/startup_ch32v30x.o
                0x0000000000009972                handle_reset
 .text.ADC_Init
                0x0000000000009a04       0x58 ./Peripheral/src/ch32v30x_adc.o
                0x0000000000009a04                ADC_Init
 .text.ADC_Cmd  0x0000000000009a5c       0x10 ./Peripheral/src/ch32v30x_adc.o
                0x0000000000009a5c                ADC_Cmd
 .text.ADC_SoftwareStartConvCmd
                0x0000000000009a6c       0x18 ./Peripheral/src/ch32v30x_adc.o
                0x0000000000009a6c                ADC_SoftwareStartConvCmd
 .text.ADC_RegularChannelConfig
                0x0000000000009a84       0xb8 ./Peripheral/src/ch32v30x_adc.o
                0x0000000000009a84                ADC_RegularChannelConfig
 .text.ADC_GetConversionValue
                0x0000000000009b3c        0x8 ./Peripheral/src/ch32v30x_adc.o
                0x0000000000009b3c                ADC_GetConversionValue
 .text.ADC_GetFlagStatus
                0x0000000000009b44        0xa ./Peripheral/src/ch32v30x_adc.o
                0x0000000000009b44                ADC_GetFlagStatus
 .text.ADC_ClearFlag
                0x0000000000009b4e        0x8 ./Peripheral/src/ch32v30x_adc.o
                0x0000000000009b4e                ADC_ClearFlag
 .text.BKP_WriteBackupRegister
                0x0000000000009b56       0x1c ./Peripheral/src/ch32v30x_bkp.o
                0x0000000000009b56                BKP_WriteBackupRegister
 .text.BKP_ReadBackupRegister
                0x0000000000009b72       0x1e ./Peripheral/src/ch32v30x_bkp.o
                0x0000000000009b72                BKP_ReadBackupRegister
 .text.DAC_Init
                0x0000000000009b90       0x30 ./Peripheral/src/ch32v30x_dac.o
                0x0000000000009b90                DAC_Init
 .text.DAC_Cmd  0x0000000000009bc0       0x2c ./Peripheral/src/ch32v30x_dac.o
                0x0000000000009bc0                DAC_Cmd
 .text.DAC_SetChannel1Data
                0x0000000000009bec       0x1e ./Peripheral/src/ch32v30x_dac.o
                0x0000000000009bec                DAC_SetChannel1Data
 .text.DAC_SetChannel2Data
                0x0000000000009c0a       0x1e ./Peripheral/src/ch32v30x_dac.o
                0x0000000000009c0a                DAC_SetChannel2Data
 .text.ETH_DeInit
                0x0000000000009c28       0x18 ./Peripheral/src/ch32v30x_eth.o
                0x0000000000009c28                ETH_DeInit
 .text.ETH_StructInit
                0x0000000000009c40       0xd8 ./Peripheral/src/ch32v30x_eth.o
                0x0000000000009c40                ETH_StructInit
 .text.ETH_ReadPHYRegister
                0x0000000000009d18       0x58 ./Peripheral/src/ch32v30x_eth.o
                0x0000000000009d18                ETH_ReadPHYRegister
 .text.ETH_WritePHYRegister
                0x0000000000009d70       0x52 ./Peripheral/src/ch32v30x_eth.o
                0x0000000000009d70                ETH_WritePHYRegister
 .text.ETH_DMATxDescChainInit
                0x0000000000009dc2       0x42 ./Peripheral/src/ch32v30x_eth.o
                0x0000000000009dc2                ETH_DMATxDescChainInit
 .text.ETH_DMARxDescChainInit
                0x0000000000009e04       0x4c ./Peripheral/src/ch32v30x_eth.o
                0x0000000000009e04                ETH_DMARxDescChainInit
 .text.ETH_SoftwareReset
                0x0000000000009e50        0xe ./Peripheral/src/ch32v30x_eth.o
                0x0000000000009e50                ETH_SoftwareReset
 .text.ETH_DMAClearITPendingBit
                0x0000000000009e5e        0x8 ./Peripheral/src/ch32v30x_eth.o
                0x0000000000009e5e                ETH_DMAClearITPendingBit
 .text.ETH_FlushTransmitFIFO
                0x0000000000009e66       0x10 ./Peripheral/src/ch32v30x_eth.o
                0x0000000000009e66                ETH_FlushTransmitFIFO
 .text.ETH_Start
                0x0000000000009e76       0x3a ./Peripheral/src/ch32v30x_eth.o
                0x0000000000009e76                ETH_Start
 .text.ETH_DMAITConfig
                0x0000000000009eb0       0x1e ./Peripheral/src/ch32v30x_eth.o
                0x0000000000009eb0                ETH_DMAITConfig
 .text.EXTI_Init
                0x0000000000009ece       0x6a ./Peripheral/src/ch32v30x_exti.o
                0x0000000000009ece                EXTI_Init
 .text.EXTI_GetITStatus
                0x0000000000009f38       0x1e ./Peripheral/src/ch32v30x_exti.o
                0x0000000000009f38                EXTI_GetITStatus
 .text.EXTI_ClearITPendingBit
                0x0000000000009f56        0xa ./Peripheral/src/ch32v30x_exti.o
                0x0000000000009f56                EXTI_ClearITPendingBit
 .text.FLASH_Unlock
                0x0000000000009f60       0x1a ./Peripheral/src/ch32v30x_flash.o
                0x0000000000009f60                FLASH_Unlock
 .text.FLASH_Lock
                0x0000000000009f7a        0xe ./Peripheral/src/ch32v30x_flash.o
                0x0000000000009f7a                FLASH_Lock
 .text.FLASH_ClearFlag
                0x0000000000009f88        0x8 ./Peripheral/src/ch32v30x_flash.o
                0x0000000000009f88                FLASH_ClearFlag
 .text.FLASH_GetBank1Status
                0x0000000000009f90       0x20 ./Peripheral/src/ch32v30x_flash.o
                0x0000000000009f90                FLASH_GetBank1Status
 .text.FLASH_WaitForLastOperation
                0x0000000000009fb0       0x2e ./Peripheral/src/ch32v30x_flash.o
                0x0000000000009fb0                FLASH_WaitForLastOperation
 .text.FLASH_ProgramHalfWord
                0x0000000000009fde       0x44 ./Peripheral/src/ch32v30x_flash.o
                0x0000000000009fde                FLASH_ProgramHalfWord
 .text.FLASH_Unlock_Fast
                0x000000000000a022       0x1e ./Peripheral/src/ch32v30x_flash.o
                0x000000000000a022                FLASH_Unlock_Fast
 .text.FLASH_Lock_Fast
                0x000000000000a040        0x4 ./Peripheral/src/ch32v30x_flash.o
                0x000000000000a040                FLASH_Lock_Fast
 .text.FLASH_ErasePage_Fast
                0x000000000000a044       0x2e ./Peripheral/src/ch32v30x_flash.o
                0x000000000000a044                FLASH_ErasePage_Fast
 .text.GPIO_Init
                0x000000000000a072       0xc2 ./Peripheral/src/ch32v30x_gpio.o
                0x000000000000a072                GPIO_Init
 .text.GPIO_ReadInputDataBit
                0x000000000000a134        0xa ./Peripheral/src/ch32v30x_gpio.o
                0x000000000000a134                GPIO_ReadInputDataBit
 .text.GPIO_ReadInputData
                0x000000000000a13e        0x8 ./Peripheral/src/ch32v30x_gpio.o
                0x000000000000a13e                GPIO_ReadInputData
 .text.GPIO_ReadOutputData
                0x000000000000a146        0x8 ./Peripheral/src/ch32v30x_gpio.o
                0x000000000000a146                GPIO_ReadOutputData
 .text.GPIO_SetBits
                0x000000000000a14e        0x4 ./Peripheral/src/ch32v30x_gpio.o
                0x000000000000a14e                GPIO_SetBits
 .text.GPIO_ResetBits
                0x000000000000a152        0x4 ./Peripheral/src/ch32v30x_gpio.o
                0x000000000000a152                GPIO_ResetBits
 .text.GPIO_WriteBit
                0x000000000000a156        0xa ./Peripheral/src/ch32v30x_gpio.o
                0x000000000000a156                GPIO_WriteBit
 .text.GPIO_Write
                0x000000000000a160        0x4 ./Peripheral/src/ch32v30x_gpio.o
                0x000000000000a160                GPIO_Write
 .text.GPIO_EXTILineConfig
                0x000000000000a164       0x2c ./Peripheral/src/ch32v30x_gpio.o
                0x000000000000a164                GPIO_EXTILineConfig
 .text.NVIC_PriorityGroupConfig
                0x000000000000a190        0x6 ./Peripheral/src/ch32v30x_misc.o
                0x000000000000a190                NVIC_PriorityGroupConfig
 .text.NVIC_Init
                0x000000000000a196       0xb8 ./Peripheral/src/ch32v30x_misc.o
                0x000000000000a196                NVIC_Init
 .text.PWR_BackupAccessCmd
                0x000000000000a24e       0x16 ./Peripheral/src/ch32v30x_pwr.o
                0x000000000000a24e                PWR_BackupAccessCmd
 .text.PWR_PVDCmd
                0x000000000000a264       0x14 ./Peripheral/src/ch32v30x_pwr.o
                0x000000000000a264                PWR_PVDCmd
 .text.PWR_PVDLevelConfig
                0x000000000000a278       0x10 ./Peripheral/src/ch32v30x_pwr.o
                0x000000000000a278                PWR_PVDLevelConfig
 .text.RCC_LSEConfig
                0x000000000000a288       0x28 ./Peripheral/src/ch32v30x_rcc.o
                0x000000000000a288                RCC_LSEConfig
 .text.RCC_RTCCLKConfig
                0x000000000000a2b0        0xc ./Peripheral/src/ch32v30x_rcc.o
                0x000000000000a2b0                RCC_RTCCLKConfig
 .text.RCC_RTCCLKCmd
                0x000000000000a2bc       0x20 ./Peripheral/src/ch32v30x_rcc.o
                0x000000000000a2bc                RCC_RTCCLKCmd
 .text.RCC_GetClocksFreq
                0x000000000000a2dc      0x10e ./Peripheral/src/ch32v30x_rcc.o
                0x000000000000a2dc                RCC_GetClocksFreq
 .text.RCC_AHBPeriphClockCmd
                0x000000000000a3ea       0x1e ./Peripheral/src/ch32v30x_rcc.o
                0x000000000000a3ea                RCC_AHBPeriphClockCmd
 .text.RCC_APB2PeriphClockCmd
                0x000000000000a408       0x1e ./Peripheral/src/ch32v30x_rcc.o
                0x000000000000a408                RCC_APB2PeriphClockCmd
 .text.RCC_APB1PeriphClockCmd
                0x000000000000a426       0x1e ./Peripheral/src/ch32v30x_rcc.o
                0x000000000000a426                RCC_APB1PeriphClockCmd
 .text.RCC_MCOConfig
                0x000000000000a444        0xa ./Peripheral/src/ch32v30x_rcc.o
                0x000000000000a444                RCC_MCOConfig
 .text.RCC_GetFlagStatus
                0x000000000000a44e       0x2e ./Peripheral/src/ch32v30x_rcc.o
                0x000000000000a44e                RCC_GetFlagStatus
 .text.RCC_PREDIV2Config
                0x000000000000a47c       0x10 ./Peripheral/src/ch32v30x_rcc.o
                0x000000000000a47c                RCC_PREDIV2Config
 .text.RCC_PLL3Config
                0x000000000000a48c       0x12 ./Peripheral/src/ch32v30x_rcc.o
                0x000000000000a48c                RCC_PLL3Config
 .text.RCC_PLL3Cmd
                0x000000000000a49e       0x24 ./Peripheral/src/ch32v30x_rcc.o
                0x000000000000a49e                RCC_PLL3Cmd
 .text.RCC_AHBPeriphResetCmd
                0x000000000000a4c2       0x1e ./Peripheral/src/ch32v30x_rcc.o
                0x000000000000a4c2                RCC_AHBPeriphResetCmd
 .text.RTC_EnterConfigMode
                0x000000000000a4e0       0x12 ./Peripheral/src/ch32v30x_rtc.o
                0x000000000000a4e0                RTC_EnterConfigMode
 .text.RTC_ExitConfigMode
                0x000000000000a4f2       0x18 ./Peripheral/src/ch32v30x_rtc.o
                0x000000000000a4f2                RTC_ExitConfigMode
 .text.RTC_GetCounter
                0x000000000000a50a       0x38 ./Peripheral/src/ch32v30x_rtc.o
                0x000000000000a50a                RTC_GetCounter
 .text.RTC_SetCounter
                0x000000000000a542       0x28 ./Peripheral/src/ch32v30x_rtc.o
                0x000000000000a542                RTC_SetCounter
 .text.RTC_SetPrescaler
                0x000000000000a56a       0x2a ./Peripheral/src/ch32v30x_rtc.o
                0x000000000000a56a                RTC_SetPrescaler
 .text.RTC_WaitForLastTask
                0x000000000000a594       0x24 ./Peripheral/src/ch32v30x_rtc.o
                0x000000000000a594                RTC_WaitForLastTask
 .text.RTC_WaitForSynchro
                0x000000000000a5b8       0x38 ./Peripheral/src/ch32v30x_rtc.o
                0x000000000000a5b8                RTC_WaitForSynchro
 .text.SPI_Init
                0x000000000000a5f0       0x5a ./Peripheral/src/ch32v30x_spi.o
                0x000000000000a5f0                SPI_Init
 .text.SPI_Cmd  0x000000000000a64a       0x1e ./Peripheral/src/ch32v30x_spi.o
                0x000000000000a64a                SPI_Cmd
 .text.SPI_I2S_SendData
                0x000000000000a668        0x6 ./Peripheral/src/ch32v30x_spi.o
                0x000000000000a668                SPI_I2S_SendData
 .text.SPI_I2S_ReceiveData
                0x000000000000a66e        0x6 ./Peripheral/src/ch32v30x_spi.o
                0x000000000000a66e                SPI_I2S_ReceiveData
 .text.SPI_I2S_GetFlagStatus
                0x000000000000a674        0xc ./Peripheral/src/ch32v30x_spi.o
                0x000000000000a674                SPI_I2S_GetFlagStatus
 .text.USART_Init
                0x000000000000a680       0xda ./Peripheral/src/ch32v30x_usart.o
                0x000000000000a680                USART_Init
 .text.USART_Cmd
                0x000000000000a75a       0x1c ./Peripheral/src/ch32v30x_usart.o
                0x000000000000a75a                USART_Cmd
 .text.USART_ITConfig
                0x000000000000a776       0x36 ./Peripheral/src/ch32v30x_usart.o
                0x000000000000a776                USART_ITConfig
 .text.USART_SendData
                0x000000000000a7ac        0xa ./Peripheral/src/ch32v30x_usart.o
                0x000000000000a7ac                USART_SendData
 .text.USART_GetFlagStatus
                0x000000000000a7b6        0xc ./Peripheral/src/ch32v30x_usart.o
                0x000000000000a7b6                USART_GetFlagStatus
 .text.USART_GetITStatus
                0x000000000000a7c2       0x44 ./Peripheral/src/ch32v30x_usart.o
                0x000000000000a7c2                USART_GetITStatus
 .text.USART_ClearITPendingBit
                0x000000000000a806       0x16 ./Peripheral/src/ch32v30x_usart.o
                0x000000000000a806                USART_ClearITPendingBit
 .text.ETH_TxPktChainMode
                0x000000000000a81c       0x3a ./NetLib/eth_driver.o
                0x000000000000a81c                ETH_TxPktChainMode
 .text.ETH_LedDataSet
                0x000000000000a856       0x20 ./NetLib/eth_driver.o
                0x000000000000a856                ETH_LedDataSet
 .text.ETH_LedLinkSet
                0x000000000000a876       0x24 ./NetLib/eth_driver.o
                0x000000000000a876                ETH_LedLinkSet
 .text.WCHNET_GetMacAddr
                0x000000000000a89a       0x24 ./NetLib/eth_driver.o
                0x000000000000a89a                WCHNET_GetMacAddr
 .text.ETH_LedConfiguration
                0x000000000000a8be       0x78 ./NetLib/eth_driver.o
                0x000000000000a8be                ETH_LedConfiguration
 .text.ETH_SetClock
                0x000000000000a936       0x38 ./NetLib/eth_driver.o
                0x000000000000a936                ETH_SetClock
 .text.ETH_PHYLink
                0x000000000000a96e       0x68 ./NetLib/eth_driver.o
                0x000000000000a96e                ETH_PHYLink
 .text.ETH_RegInit
                0x000000000000a9d6      0x148 ./NetLib/eth_driver.o
                0x000000000000a9d6                ETH_RegInit
 .text.ETH_Configuration
                0x000000000000ab1e       0xda ./NetLib/eth_driver.o
                0x000000000000ab1e                ETH_Configuration
 .text.WCHNET_ETHIsr
                0x000000000000abf8       0x74 ./NetLib/eth_driver.o
                0x000000000000abf8                WCHNET_ETHIsr
 .text.ETH_Init
                0x000000000000ac6c       0x5c ./NetLib/eth_driver.o
                0x000000000000ac6c                ETH_Init
 .text.ETH_LibInit
                0x000000000000acc8       0x8e ./NetLib/eth_driver.o
                0x000000000000acc8                ETH_LibInit
 .text._fdb_init_ex
                0x000000000000ad56      0x1f0 ./FlashDB/src/fdb.o
                0x000000000000ad56                _fdb_init_ex
 .text._fdb_init_finish
                0x000000000000af46       0xda ./FlashDB/src/fdb.o
                0x000000000000af46                _fdb_init_finish
 .text._fdb_db_path
                0x000000000000b020       0x10 ./FlashDB/src/fdb.o
                0x000000000000b020                _fdb_db_path
 .text.update_sector_cache
                0x000000000000b030       0x66 ./FlashDB/src/fdb_kvdb.o
 .text.get_next_sector_addr
                0x000000000000b096       0x24 ./FlashDB/src/fdb_kvdb.o
 .text.gc_check_cb
                0x000000000000b0ba       0x10 ./FlashDB/src/fdb_kvdb.o
 .text.check_oldest_addr_cb
                0x000000000000b0ca       0x1c ./FlashDB/src/fdb_kvdb.o
 .text.update_kv_cache
                0x000000000000b0e6       0xb8 ./FlashDB/src/fdb_kvdb.o
 .text.find_kv_cb
                0x000000000000b19e       0x50 ./FlashDB/src/fdb_kvdb.o
 .text.read_kv  0x000000000000b1ee      0x1a6 ./FlashDB/src/fdb_kvdb.o
 .text.sector_statistics_cb
                0x000000000000b394       0x26 ./FlashDB/src/fdb_kvdb.o
 .text.alloc_kv_cb
                0x000000000000b3ba       0x32 ./FlashDB/src/fdb_kvdb.o
 .text.update_sec_status
                0x000000000000b3ec       0x82 ./FlashDB/src/fdb_kvdb.o
 .text.format_sector.constprop.10
                0x000000000000b46e       0xd6 ./FlashDB/src/fdb_kvdb.o
 .text.check_sec_hdr_cb
                0x000000000000b544       0x86 ./FlashDB/src/fdb_kvdb.o
 .text.get_next_kv_addr
                0x000000000000b5ca      0x11e ./FlashDB/src/fdb_kvdb.o
 .text.read_sector_info
                0x000000000000b6e8      0x1de ./FlashDB/src/fdb_kvdb.o
 .text.sector_iterator
                0x000000000000b8c6       0x8c ./FlashDB/src/fdb_kvdb.o
 .text.alloc_kv
                0x000000000000b952       0xdc ./FlashDB/src/fdb_kvdb.o
 .text.gc_collect_by_free_size
                0x000000000000ba2e       0xa2 ./FlashDB/src/fdb_kvdb.o
 .text.new_kv   0x000000000000bad0       0xec ./FlashDB/src/fdb_kvdb.o
 .text.check_and_recovery_gc_cb
                0x000000000000bbbc       0x2c ./FlashDB/src/fdb_kvdb.o
 .text.kv_iterator
                0x000000000000bbe8       0x8c ./FlashDB/src/fdb_kvdb.o
 .text.find_kv  0x000000000000bc74       0xf8 ./FlashDB/src/fdb_kvdb.o
 .text.del_kv   0x000000000000bd6c      0x124 ./FlashDB/src/fdb_kvdb.o
 .text.move_kv  0x000000000000be90      0x1ac ./FlashDB/src/fdb_kvdb.o
 .text.check_and_recovery_kv_cb
                0x000000000000c03c      0x13e ./FlashDB/src/fdb_kvdb.o
 .text.do_gc    0x000000000000c17a      0x16a ./FlashDB/src/fdb_kvdb.o
 .text.create_kv_blob
                0x000000000000c2e4      0x230 ./FlashDB/src/fdb_kvdb.o
 .text.fdb_kv_to_blob
                0x000000000000c514       0x10 ./FlashDB/src/fdb_kvdb.o
                0x000000000000c514                fdb_kv_to_blob
 .text.fdb_kv_get_blob
                0x000000000000c524       0xa4 ./FlashDB/src/fdb_kvdb.o
                0x000000000000c524                fdb_kv_get_blob
 .text.fdb_kv_set_blob
                0x000000000000c5c8      0x120 ./FlashDB/src/fdb_kvdb.o
                0x000000000000c5c8                fdb_kv_set_blob
 .text.fdb_kv_set_default
                0x000000000000c6e8       0x86 ./FlashDB/src/fdb_kvdb.o
                0x000000000000c6e8                fdb_kv_set_default
 .text.fdb_kvdb_init
                0x000000000000c76e      0x248 ./FlashDB/src/fdb_kvdb.o
                0x000000000000c76e                fdb_kvdb_init
 .text.fdb_kv_iterator_init
                0x000000000000c9b6       0x1c ./FlashDB/src/fdb_kvdb.o
                0x000000000000c9b6                fdb_kv_iterator_init
 .text.fdb_kv_iterate
                0x000000000000c9d2       0xb6 ./FlashDB/src/fdb_kvdb.o
                0x000000000000c9d2                fdb_kv_iterate
 .text.fdb_calc_crc32
                0x000000000000ca88       0x2e ./FlashDB/src/fdb_utils.o
                0x000000000000ca88                fdb_calc_crc32
 .text._fdb_set_status
                0x000000000000cab6       0x32 ./FlashDB/src/fdb_utils.o
                0x000000000000cab6                _fdb_set_status
 .text._fdb_get_status
                0x000000000000cae8       0x30 ./FlashDB/src/fdb_utils.o
                0x000000000000cae8                _fdb_get_status
 .text.fdb_blob_make
                0x000000000000cb18        0x6 ./FlashDB/src/fdb_utils.o
                0x000000000000cb18                fdb_blob_make
 .text._fdb_flash_read
                0x000000000000cb1e       0x26 ./FlashDB/src/fdb_utils.o
                0x000000000000cb1e                _fdb_flash_read
 .text._fdb_read_status
                0x000000000000cb44       0x5c ./FlashDB/src/fdb_utils.o
                0x000000000000cb44                _fdb_read_status
 .text._fdb_continue_ff_addr
                0x000000000000cba0       0x88 ./FlashDB/src/fdb_utils.o
                0x000000000000cba0                _fdb_continue_ff_addr
 .text.fdb_blob_read
                0x000000000000cc28       0x28 ./FlashDB/src/fdb_utils.o
                0x000000000000cc28                fdb_blob_read
 .text._fdb_flash_erase
                0x000000000000cc50       0x1c ./FlashDB/src/fdb_utils.o
                0x000000000000cc50                _fdb_flash_erase
 .text._fdb_flash_write
                0x000000000000cc6c       0x26 ./FlashDB/src/fdb_utils.o
                0x000000000000cc6c                _fdb_flash_write
 .text._fdb_write_status
                0x000000000000cc92       0xbc ./FlashDB/src/fdb_utils.o
                0x000000000000cc92                _fdb_write_status
 .text._write   0x000000000000cd4e       0x50 ./Debug/debug.o
                0x000000000000cd4e                _write
 .text._sbrk    0x000000000000cd9e       0x2a ./Debug/debug.o
                0x000000000000cd9e                _sbrk
 .text.__get_SP
                0x000000000000cdc8        0x4 ./Core/core_riscv.o
                0x000000000000cdc8                __get_SP
 .text.kvdb_tarversal_sample
                0x000000000000cdcc      0x1da ./APP/db.o
                0x000000000000cdcc                kvdb_tarversal_sample
 .text.flasha   0x000000000000cfa6        0x4 ./APP/db.o
                0x000000000000cfa6                flasha
 .text.datbase_init
                0x000000000000cfaa       0x44 ./APP/db.o
 .text.PVD_Config
                0x000000000000cfee       0x64 ./APP/io_app.o
                0x000000000000cfee                PVD_Config
 .text.init_io  0x000000000000d052       0xb6 ./APP/io_app.o
                0x000000000000d052                init_io
 .text.addr_check
                0x000000000000d108       0x20 ./APP/modbus_app.o
 .text.compute_meta_length_after_function_callback
                0x000000000000d128       0x1a ./APP/modbus_app.o
 .text.compute_data_length_after_meta_callback
                0x000000000000d142       0x28 ./APP/modbus_app.o
 .text.rs485_ind_cb
                0x000000000000d16a       0x14 ./APP/modbus_app.o
 .text.rs485_receive.part.0
                0x000000000000d17e       0x78 ./APP/modbus_app.o
 .text.rs485_send
                0x000000000000d1f6       0x4a ./APP/modbus_app.o
                0x000000000000d1f6                rs485_send
 .text.rs485_init
                0x000000000000d240       0x98 ./APP/modbus_app.o
                0x000000000000d240                rs485_init
 .text.rtu_task_entry
                0x000000000000d2d8       0x8a ./APP/modbus_app.o
                0x000000000000d2d8                rtu_task_entry
 .text.rtu_task_init
                0x000000000000d362       0x46 ./APP/modbus_app.o
                0x000000000000d362                rtu_task_init
 .text.WCHNET_UdpServerRecv
                0x000000000000d3a8       0x20 ./APP/net_app.o
                0x000000000000d3a8                WCHNET_UdpServerRecv
 .text.WCHNET_DNSCallBack
                0x000000000000d3c8       0x68 ./APP/net_app.o
                0x000000000000d3c8                WCHNET_DNSCallBack
 .text.broadcast2port
                0x000000000000d430       0x6c ./APP/net_app.o
                0x000000000000d430                broadcast2port
 .text.DNS_Query
                0x000000000000d49c       0x96 ./APP/net_app.o
                0x000000000000d49c                DNS_Query
 .text.mStopIfError
                0x000000000000d532       0x12 ./APP/net_app.o
                0x000000000000d532                mStopIfError
 .text.WCHNET_CreateTcpSocketListen
                0x000000000000d544       0x5a ./APP/net_app.o
                0x000000000000d544                WCHNET_CreateTcpSocketListen
 .text.WCHNET_CreatTCPSocket
                0x000000000000d59e       0x76 ./APP/net_app.o
                0x000000000000d59e                WCHNET_CreatTCPSocket
 .text.WCHNET_CreatUDPSocket
                0x000000000000d614       0x6e ./APP/net_app.o
                0x000000000000d614                WCHNET_CreatUDPSocket
 .text.WCHNET_DHCPCallBack
                0x000000000000d682      0x136 ./APP/net_app.o
                0x000000000000d682                WCHNET_DHCPCallBack
 .text.net_task_init
                0x000000000000d7b8       0x46 ./APP/net_app.o
                0x000000000000d7b8                net_task_init
 .text.Transport_Open
                0x000000000000d7fe       0x76 ./APP/net_app.o
                0x000000000000d7fe                Transport_Open
 .text.Transport_SendPacket
                0x000000000000d874       0x30 ./APP/net_app.o
                0x000000000000d874                Transport_SendPacket
 .text.MQTT_Connect
                0x000000000000d8a4       0x5c ./APP/net_app.o
                0x000000000000d8a4                MQTT_Connect
 .text.MQTT_Subscribe
                0x000000000000d900       0x30 ./APP/net_app.o
                0x000000000000d900                MQTT_Subscribe
 .text.MQTT_Publish
                0x000000000000d930       0x66 ./APP/net_app.o
                0x000000000000d930                MQTT_Publish
 .text.MQTT_Pub
                0x000000000000d996       0x4e ./APP/net_app.o
                0x000000000000d996                MQTT_Pub
 .text.msgDeal  0x000000000000d9e4       0x66 ./APP/net_app.o
                0x000000000000d9e4                msgDeal
 .text.WCHNET_HandleSockInt
                0x000000000000da4a      0x320 ./APP/net_app.o
                0x000000000000da4a                WCHNET_HandleSockInt
 .text.WCHNET_HandleGlobalInt
                0x000000000000dd6a       0x94 ./APP/net_app.o
                0x000000000000dd6a                WCHNET_HandleGlobalInt
 .text.net_task_entry
                0x000000000000ddfe      0x186 ./APP/net_app.o
                0x000000000000ddfe                net_task_entry
 .text.rtc_task_entry
                0x000000000000df84       0x1c ./APP/rtc_app.o
                0x000000000000df84                rtc_task_entry
 .text.rtc_task_init
                0x000000000000dfa0       0x42 ./APP/rtc_app.o
                0x000000000000dfa0                rtc_task_init
 .text.WCHNET_PhyStatus
                0x000000000000dfe2       0x4e H:/Users/sc/Desktop/rtt_net_usb_drivers/rtt_net_usb_drivers/RT-Thread/rt-thread_usb_net_driver/NetLib/libwchnet.a(eth_api.o)
                0x000000000000dfe2                WCHNET_PhyStatus
 .text.WCHNET_Rx
                0x000000000000e030       0x52 H:/Users/sc/Desktop/rtt_net_usb_drivers/rtt_net_usb_drivers/RT-Thread/rt-thread_usb_net_driver/NetLib/libwchnet.a(eth_api.o)
                0x000000000000e030                WCHNET_Rx
 .text.WCHNET_Tx
                0x000000000000e082       0x22 H:/Users/sc/Desktop/rtt_net_usb_drivers/rtt_net_usb_drivers/RT-Thread/rt-thread_usb_net_driver/NetLib/libwchnet.a(eth_api.o)
                0x000000000000e082                WCHNET_Tx
 .text.getTxBuffAddr
                0x000000000000e0a4       0x1c H:/Users/sc/Desktop/rtt_net_usb_drivers/rtt_net_usb_drivers/RT-Thread/rt-thread_usb_net_driver/NetLib/libwchnet.a(eth_api.o)
                0x000000000000e0a4                getTxBuffAddr
 .text.IPCheckParaInit
                0x000000000000e0c0       0x1e H:/Users/sc/Desktop/rtt_net_usb_drivers/rtt_net_usb_drivers/RT-Thread/rt-thread_usb_net_driver/NetLib/libwchnet.a(ipcheck.o)
                0x000000000000e0c0                IPCheckParaInit
 .text.SelIPARPSend
                0x000000000000e0de       0x38 H:/Users/sc/Desktop/rtt_net_usb_drivers/rtt_net_usb_drivers/RT-Thread/rt-thread_usb_net_driver/NetLib/libwchnet.a(ipcheck.o)
                0x000000000000e0de                SelIPARPSend
 .text.IPCheckTmr
                0x000000000000e116       0x42 H:/Users/sc/Desktop/rtt_net_usb_drivers/rtt_net_usb_drivers/RT-Thread/rt-thread_usb_net_driver/NetLib/libwchnet.a(ipcheck.o)
                0x000000000000e116                IPCheckTmr
 .text.IPConflictHandle
                0x000000000000e158       0x2e H:/Users/sc/Desktop/rtt_net_usb_drivers/rtt_net_usb_drivers/RT-Thread/rt-thread_usb_net_driver/NetLib/libwchnet.a(ipcheck.o)
                0x000000000000e158                IPConflictHandle
 .text.WCHNET_DHCPStart
                0x000000000000e186       0x54 H:/Users/sc/Desktop/rtt_net_usb_drivers/rtt_net_usb_drivers/RT-Thread/rt-thread_usb_net_driver/NetLib/libwchnet.a(net_dhcp.o)
                0x000000000000e186                WCHNET_DHCPStart
 .text.WCHNET_DHCPStop
                0x000000000000e1da       0x26 H:/Users/sc/Desktop/rtt_net_usb_drivers/rtt_net_usb_drivers/RT-Thread/rt-thread_usb_net_driver/NetLib/libwchnet.a(net_dhcp.o)
                0x000000000000e1da                WCHNET_DHCPStop
 .text.WCHNET_DHCPHandle
                0x000000000000e200       0x76 H:/Users/sc/Desktop/rtt_net_usb_drivers/rtt_net_usb_drivers/RT-Thread/rt-thread_usb_net_driver/NetLib/libwchnet.a(net_dhcp.o)